******************************************************************************
                  TI ARM Linker PC v18.12.1                    
******************************************************************************
>> Linked Sat Mar 19 18:09:50 2022

OUTPUT FILE NAME:   <Lab_5.out>
ENTRY POINT SYMBOL: "_c_int00_noargs"  address: 00000605


MEMORY CONFIGURATION

         name            origin    length      used     unused   attr    fill
----------------------  --------  ---------  --------  --------  ----  --------
  FLASH                 00000000   00040000  00000744  0003f8bc  R  X
  SRAM                  20000000   00008000  0000020c  00007df4  RW X


SEGMENT ALLOCATION MAP

run origin  load origin   length   init length attrs members
----------  ----------- ---------- ----------- ----- -------
00000000    00000000    00000744   00000744    r-x
  00000000    00000000    0000026c   0000026c    r-- .intvecs
  0000026c    0000026c    000004c4   000004c4    r-x .text
  00000730    00000730    00000014   00000014    r-- .cinit
20000000    20000000    0000020c   00000000    rw-
  20000000    20000000    00000200   00000000    rw- .stack
  20000200    20000200    0000000c   00000000    rw- .bss


SECTION ALLOCATION MAP

 output                                  attributes/
section   page    origin      length       input sections
--------  ----  ----------  ----------   ----------------
.intvecs   0    00000000    0000026c     
                  00000000    0000026c     tm4c123gh6pm_startup_ccs.obj (.intvecs)

.text      0    0000026c    000004c4     
                  0000026c    0000014c     Robot_Library.lib : IR_Sensor.obj (.text)
                  000003b8    00000130     driverlib.lib : gpio.obj (.text:GPIOPadConfigSet)
                  000004e8    00000070                   : adc.obj (.text:ADCSequenceStepConfigure)
                  00000558    00000044     rtsv7M4_T_le_v4SPD16_eabi.lib : autoinit.c.obj (.text:__TI_auto_init_nobinit_nopinit:__TI_auto_init_nobinit_nopinit)
                  0000059c    00000034     driverlib.lib : sysctl.obj (.text:SysCtlPeripheralEnable)
                  000005d0    00000034                   : sysctl.obj (.text:SysCtlPeripheralReady)
                  00000604    00000034     rtsv7M4_T_le_v4SPD16_eabi.lib : boot_cortex_m.c.obj (.text:_c_int00_noargs:_c_int00_noargs)
                  00000638    0000002c     driverlib.lib : adc.obj (.text:ADCSequenceConfigure)
                  00000664    0000002a                   : gpio.obj (.text:GPIODirModeSet)
                  0000068e    0000001e                   : adc.obj (.text:ADCSequenceDataGet)
                  000006ac    0000001a     main.obj (.text)
                  000006c6    00000016     driverlib.lib : adc.obj (.text:ADCProcessorTrigger)
                  000006dc    00000012                   : gpio.obj (.text:GPIOPinTypeADC)
                  000006ee    00000012     rtsv7M4_T_le_v4SPD16_eabi.lib : copy_zero_init.c.obj (.text:decompress:ZI:__TI_zero_init_nomemset:__TI_zero_init_nomemset)
                  00000700    0000000e     driverlib.lib : adc.obj (.text:ADCSequenceDisable)
                  0000070e    0000000e                   : adc.obj (.text:ADCSequenceEnable)
                  0000071c    0000000c     tm4c123gh6pm_startup_ccs.obj (.text)
                  00000728    00000004     rtsv7M4_T_le_v4SPD16_eabi.lib : pre_init.c.obj (.text:_system_pre_init)
                  0000072c    00000004                                   : exit.c.obj (.text:abort:abort)

.cinit     0    00000730    00000014     
                  00000730    00000008     (.cinit..bss.load) [load image, compression = zero_init]
                  00000738    00000004     (__TI_handler_table)
                  0000073c    00000008     (__TI_cinit_table)

.init_array 
*          0    00000000    00000000     UNINITIALIZED

.bss       0    20000200    0000000c     UNINITIALIZED
                  20000200    00000004     (.common:dist0)
                  20000204    00000004     (.common:dist1)
                  20000208    00000004     (.common:dist2)

.stack     0    20000000    00000200     UNINITIALIZED
                  20000000    00000004     rtsv7M4_T_le_v4SPD16_eabi.lib : boot_cortex_m.c.obj (.stack)
                  20000004    000001fc     --HOLE--

MODULE SUMMARY

       Module                         code   ro data   rw data
       ------                         ----   -------   -------
    .\
       tm4c123gh6pm_startup_ccs.obj   12     620       0      
       main.obj                       26     0         0      
    +--+------------------------------+------+---------+---------+
       Total:                         38     620       0      
                                                              
    C:/Users/emily/bishop_ecpe155_2022/Robot_Library/Debug/Robot_Library.lib
       IR_Sensor.obj                  332    0         12     
    +--+------------------------------+------+---------+---------+
       Total:                         332    0         12     
                                                              
    C:/Users/emily/bishop_ecpe155_2022/TivaWare/driverlib/ccs/Debug/driverlib.lib
       gpio.obj                       364    0         0      
       adc.obj                        236    0         0      
       sysctl.obj                     104    0         0      
    +--+------------------------------+------+---------+---------+
       Total:                         704    0         0      
                                                              
    C:\ti\ccs901\ccs\tools\compiler\ti-cgt-arm_18.12.1.LTS\lib\rtsv7M4_T_le_v4SPD16_eabi.lib
       autoinit.c.obj                 68     0         0      
       boot_cortex_m.c.obj            52     0         0      
       copy_zero_init.c.obj           18     0         0      
       exit.c.obj                     4      0         0      
       pre_init.c.obj                 4      0         0      
    +--+------------------------------+------+---------+---------+
       Total:                         146    0         0      
                                                              
       Stack:                         0      0         512    
       Linker Generated:              0      20        0      
    +--+------------------------------+------+---------+---------+
       Grand Total:                   1220   640       524    


LINKER GENERATED COPY TABLES

__TI_cinit_table @ 0000073c records: 1, size/record: 8, table size: 8
	.bss: load addr=00000730, load size=00000008 bytes, run addr=20000200, run size=0000000c bytes, compression=zero_init


LINKER GENERATED HANDLER TABLE

__TI_handler_table @ 00000738 records: 1, size/record: 4, table size: 4
	index: 0, handler: __TI_zero_init


GLOBAL SYMBOLS: SORTED ALPHABETICALLY BY Name 

address   name                          
-------   ----                          
000006c7  ADCProcessorTrigger           
00000639  ADCSequenceConfigure          
0000068f  ADCSequenceDataGet            
00000701  ADCSequenceDisable            
0000070f  ADCSequenceEnable             
000004e9  ADCSequenceStepConfigure      
0000072d  C$$EXIT                       
00000665  GPIODirModeSet                
000003b9  GPIOPadConfigSet              
000006dd  GPIOPinTypeADC                
0000071d  ResetISR                      
0000059d  SysCtlPeripheralEnable        
000005d1  SysCtlPeripheralReady         
20000200  __STACK_END                   
00000200  __STACK_SIZE                  
20000200  __STACK_TOP                   
0000073c  __TI_CINIT_Base               
00000744  __TI_CINIT_Limit              
00000738  __TI_Handler_Table_Base       
0000073c  __TI_Handler_Table_Limit      
00000559  __TI_auto_init_nobinit_nopinit
ffffffff  __TI_pprof_out_hndl           
ffffffff  __TI_prof_data_size           
ffffffff  __TI_prof_data_start          
00000000  __TI_static_base__            
000006ef  __TI_zero_init_nomemset       
ffffffff  __binit__                     
ffffffff  __c_args__                    
UNDEFED   __mpu_init                    
20000000  __stack                       
00000605  _c_int00_noargs               
UNDEFED   _system_post_cinit            
00000729  _system_pre_init              
0000072d  abort                         
ffffffff  binit                         
20000200  dist0                         
20000204  dist1                         
20000208  dist2                         
00000000  g_pfnVectors                  
00000347  getSensorData0                
00000361  getSensorData1                
0000037b  getSensorData2                
0000026d  initIRSensor                  
000006ad  main                          


GLOBAL SYMBOLS: SORTED BY Symbol Address 

address   name                          
-------   ----                          
00000000  __TI_static_base__            
00000000  g_pfnVectors                  
00000200  __STACK_SIZE                  
0000026d  initIRSensor                  
00000347  getSensorData0                
00000361  getSensorData1                
0000037b  getSensorData2                
000003b9  GPIOPadConfigSet              
000004e9  ADCSequenceStepConfigure      
00000559  __TI_auto_init_nobinit_nopinit
0000059d  SysCtlPeripheralEnable        
000005d1  SysCtlPeripheralReady         
00000605  _c_int00_noargs               
00000639  ADCSequenceConfigure          
00000665  GPIODirModeSet                
0000068f  ADCSequenceDataGet            
000006ad  main                          
000006c7  ADCProcessorTrigger           
000006dd  GPIOPinTypeADC                
000006ef  __TI_zero_init_nomemset       
00000701  ADCSequenceDisable            
0000070f  ADCSequenceEnable             
0000071d  ResetISR                      
00000729  _system_pre_init              
0000072d  C$$EXIT                       
0000072d  abort                         
00000738  __TI_Handler_Table_Base       
0000073c  __TI_CINIT_Base               
0000073c  __TI_Handler_Table_Limit      
00000744  __TI_CINIT_Limit              
20000000  __stack                       
20000200  __STACK_END                   
20000200  __STACK_TOP                   
20000200  dist0                         
20000204  dist1                         
20000208  dist2                         
ffffffff  __TI_pprof_out_hndl           
ffffffff  __TI_prof_data_size           
ffffffff  __TI_prof_data_start          
ffffffff  __binit__                     
ffffffff  __c_args__                    
ffffffff  binit                         
UNDEFED   __mpu_init                    
UNDEFED   _system_post_cinit            

[44 symbols]
