******************************************************************************
                  TI ARM Linker PC v18.12.1                    
******************************************************************************
>> Linked Mon Mar 14 18:58:51 2022

OUTPUT FILE NAME:   <Lab_3.out>
ENTRY POINT SYMBOL: "_c_int00_noargs"  address: 00000bd9


MEMORY CONFIGURATION

         name            origin    length      used     unused   attr    fill
----------------------  --------  ---------  --------  --------  ----  --------
  FLASH                 00000000   00040000  00000fe6  0003f01a  R  X
  SRAM                  20000000   00008000  00000470  00007b90  RW X


SEGMENT ALLOCATION MAP

run origin  load origin   length   init length attrs members
----------  ----------- ---------- ----------- ----- -------
00000000    00000000    00000fec   00000fec    r-x
  00000000    00000000    0000026c   0000026c    r-- .intvecs
  0000026c    0000026c    00000ad6   00000ad6    r-x .text
  00000d44    00000d44    00000280   00000280    r-- .const
  00000fc8    00000fc8    00000024   00000024    r-- .cinit
20000000    20000000    00000470   00000000    rw-
  20000000    20000000    0000026c   00000000    rw- .vtable
  2000026c    2000026c    00000004   00000000    rw- .bss
  20000270    20000270    00000200   00000000    rw- .stack


SECTION ALLOCATION MAP

 output                                  attributes/
section   page    origin      length       input sections
--------  ----  ----------  ----------   ----------------
.intvecs   0    00000000    0000026c     
                  00000000    0000026c     tm4c123gh6pm_startup_ccs.obj (.intvecs)

.text      0    0000026c    00000ad6     
                  0000026c    000003f8     Robot_Library.lib : Motor_Control.obj (.text)
                  00000664    00000130     driverlib.lib : gpio.obj (.text:GPIOPadConfigSet)
                  00000794    000000f0     Robot_Library.lib : quadEncoder.obj (.text)
                  00000884    000000e8                       : PWM.obj (.text)
                  0000096c    00000060     driverlib.lib : interrupt.obj (.text:IntEnable)
                  000009cc    00000056                   : gpio.obj (.text:GPIOIntTypeSet)
                  00000a22    00000002     --HOLE-- [fill = 0]
                  00000a24    0000004c     main.obj (.text)
                  00000a70    00000048     driverlib.lib : gpio.obj (.text:GPIOPinConfigure)
                  00000ab8    00000044     rtsv7M4_T_le_v4SPD16_eabi.lib : autoinit.c.obj (.text:__TI_auto_init_nobinit_nopinit:__TI_auto_init_nobinit_nopinit)
                  00000afc    00000040     driverlib.lib : gpio.obj (.text:_GPIOIntNumberGet)
                  00000b3c    00000034                   : interrupt.obj (.text:IntRegister)
                  00000b70    00000034                   : sysctl.obj (.text:SysCtlPeripheralEnable)
                  00000ba4    00000034                   : sysctl.obj (.text:SysCtlPeripheralReady)
                  00000bd8    00000034     rtsv7M4_T_le_v4SPD16_eabi.lib : boot_cortex_m.c.obj (.text:_c_int00_noargs:_c_int00_noargs)
                  00000c0c    0000002a     driverlib.lib : gpio.obj (.text:GPIODirModeSet)
                  00000c36    00000022                   : pwm.obj (.text:PWMGenConfigure)
                  00000c58    0000001e                   : pwm.obj (.text:PWMPulseWidthSet)
                  00000c76    00000018                   : gpio.obj (.text:GPIOIntRegister)
                  00000c8e    00000018                   : gpio.obj (.text:GPIOPinTypeGPIOOutput)
                  00000ca6    00000012                   : gpio.obj (.text:GPIOPinTypeGPIOInput)
                  00000cb8    00000012                   : gpio.obj (.text:GPIOPinTypePWM)
                  00000cca    00000012                   : pwm.obj (.text:PWMOutputState)
                  00000cdc    00000012     rtsv7M4_T_le_v4SPD16_eabi.lib : copy_zero_init.c.obj (.text:decompress:ZI:__TI_zero_init_nomemset:__TI_zero_init_nomemset)
                  00000cee    00000010     driverlib.lib : pwm.obj (.text:PWMGenPeriodSet)
                  00000cfe    0000000c                   : gpio.obj (.text:GPIOIntEnable)
                  00000d0a    0000000c                   : pwm.obj (.text:PWMGenEnable)
                  00000d16    0000000c     tm4c123gh6pm_startup_ccs.obj (.text)
                  00000d22    00000006     driverlib.lib : gpio.obj (.text:GPIOIntClear)
                  00000d28    00000006                   : gpio.obj (.text:GPIOPinRead)
                  00000d2e    00000006                   : gpio.obj (.text:GPIOPinWrite)
                  00000d34    00000006                   : sysctl.obj (.text:SysCtlDelay)
                  00000d3a    00000004     rtsv7M4_T_le_v4SPD16_eabi.lib : pre_init.c.obj (.text:_system_pre_init)
                  00000d3e    00000004                                   : exit.c.obj (.text:abort:abort)

.const     0    00000d44    00000280     
                  00000d44    000000c0     driverlib.lib : gpio.obj (.const:g_ppui32GPIOIntMapBlizzard)
                  00000e04    000000c0                   : gpio.obj (.const:g_ppui32GPIOIntMapSnowflake)
                  00000ec4    00000090                   : gpio.obj (.const:g_pui32GPIOBaseAddrs)
                  00000f54    00000070                   : interrupt.obj (.const)

.cinit     0    00000fc8    00000024     
                  00000fc8    00000008     (.cinit..bss.load) [load image, compression = zero_init]
                  00000fd0    00000008     (.cinit..vtable.load) [load image, compression = zero_init]
                  00000fd8    00000004     (__TI_handler_table)
                  00000fdc    00000010     (__TI_cinit_table)

.init_array 
*          0    00000000    00000000     UNINITIALIZED

.vtable    0    20000000    0000026c     UNINITIALIZED
                  20000000    0000026c     driverlib.lib : interrupt.obj (.vtable)

.bss       0    2000026c    00000004     UNINITIALIZED
                  2000026c    00000002     (.common:revCountLeft)
                  2000026e    00000002     (.common:revCountRight)

.stack     0    20000270    00000200     UNINITIALIZED
                  20000270    00000004     rtsv7M4_T_le_v4SPD16_eabi.lib : boot_cortex_m.c.obj (.stack)
                  20000274    000001fc     --HOLE--

MODULE SUMMARY

       Module                         code   ro data   rw data
       ------                         ----   -------   -------
    .\
       tm4c123gh6pm_startup_ccs.obj   12     620       0      
       main.obj                       76     0         0      
    +--+------------------------------+------+---------+---------+
       Total:                         88     620       0      
                                                              
    C:/Users/emily/bishop_ecpe155_2022/Robot_Library/Debug/Robot_Library.lib
       Motor_Control.obj              1016   0         0      
       quadEncoder.obj                240    0         4      
       PWM.obj                        232    0         0      
    +--+------------------------------+------+---------+---------+
       Total:                         1488   0         4      
                                                              
    C:/Users/emily/bishop_ecpe155_2022/TivaWare/driverlib/ccs/Debug/driverlib.lib
       gpio.obj                       682    528       0      
       interrupt.obj                  148    112       620    
       pwm.obj                        110    0         0      
       sysctl.obj                     110    0         0      
    +--+------------------------------+------+---------+---------+
       Total:                         1050   640       620    
                                                              
    C:\ti\ccs901\ccs\tools\compiler\ti-cgt-arm_18.12.1.LTS\lib\rtsv7M4_T_le_v4SPD16_eabi.lib
       autoinit.c.obj                 68     0         0      
       boot_cortex_m.c.obj            52     0         0      
       copy_zero_init.c.obj           18     0         0      
       exit.c.obj                     4      0         0      
       pre_init.c.obj                 4      0         0      
    +--+------------------------------+------+---------+---------+
       Total:                         146    0         0      
                                                              
       Stack:                         0      0         512    
       Linker Generated:              0      36        0      
    +--+------------------------------+------+---------+---------+
       Grand Total:                   2772   1296      1136   


LINKER GENERATED COPY TABLES

__TI_cinit_table @ 00000fdc records: 2, size/record: 8, table size: 16
	.bss: load addr=00000fc8, load size=00000008 bytes, run addr=2000026c, run size=00000004 bytes, compression=zero_init
	.vtable: load addr=00000fd0, load size=00000008 bytes, run addr=20000000, run size=0000026c bytes, compression=zero_init


LINKER GENERATED HANDLER TABLE

__TI_handler_table @ 00000fd8 records: 1, size/record: 4, table size: 4
	index: 0, handler: __TI_zero_init


GLOBAL SYMBOLS: SORTED ALPHABETICALLY BY Name 

address   name                          
-------   ----                          
00000d3f  C$$EXIT                       
00000c0d  GPIODirModeSet                
00000d23  GPIOIntClear                  
00000cff  GPIOIntEnable                 
00000c77  GPIOIntRegister               
000009cd  GPIOIntTypeSet                
00000665  GPIOPadConfigSet              
00000a71  GPIOPinConfigure              
00000d29  GPIOPinRead                   
00000ca7  GPIOPinTypeGPIOInput          
00000c8f  GPIOPinTypeGPIOOutput         
00000cb9  GPIOPinTypePWM                
00000d2f  GPIOPinWrite                  
0000096d  IntEnable                     
00000b3d  IntRegister                   
00000c37  PWMGenConfigure               
00000d0b  PWMGenEnable                  
00000cef  PWMGenPeriodSet               
00000ccb  PWMOutputState                
00000c59  PWMPulseWidthSet              
000007f7  QEInterruptHandler            
00000d17  ResetISR                      
00000d35  SysCtlDelay                   
00000b71  SysCtlPeripheralEnable        
00000ba5  SysCtlPeripheralReady         
20000470  __STACK_END                   
00000200  __STACK_SIZE                  
20000470  __STACK_TOP                   
00000fdc  __TI_CINIT_Base               
00000fec  __TI_CINIT_Limit              
00000fd8  __TI_Handler_Table_Base       
00000fdc  __TI_Handler_Table_Limit      
00000ab9  __TI_auto_init_nobinit_nopinit
ffffffff  __TI_pprof_out_hndl           
ffffffff  __TI_prof_data_size           
ffffffff  __TI_prof_data_start          
00000000  __TI_static_base__            
00000cdd  __TI_zero_init_nomemset       
ffffffff  __binit__                     
ffffffff  __c_args__                    
UNDEFED   __mpu_init                    
20000270  __stack                       
00000bd9  _c_int00_noargs               
UNDEFED   _system_post_cinit            
00000d3b  _system_pre_init              
00000d3f  abort                         
ffffffff  binit                         
0000085d  clearCount                    
20000000  g_pfnRAMVectors               
00000000  g_pfnVectors                  
00000851  getRevCountLeft               
00000857  getRevCountRight              
0000026d  initMotor                     
00000885  initPWM                       
00000795  initQEInterrupt               
00000a25  main                          
000005f3  motorAvoidLeftBump            
0000061f  motorAvoidRightBump           
000004f5  motorBackAvoid                
000002f1  motorBackward                 
000003cf  motorCorrection               
000002bb  motorForward                  
0000053d  motorLeftTurn45               
0000037b  motorLeftTurn90               
0000041f  motorRect                     
0000059d  motorRightTurn45              
00000327  motorRightTurn90              
000004e7  motorStop                     
2000026c  revCountLeft                  
2000026e  revCountRight                 
00000931  setPW                         


GLOBAL SYMBOLS: SORTED BY Symbol Address 

address   name                          
-------   ----                          
00000000  __TI_static_base__            
00000000  g_pfnVectors                  
00000200  __STACK_SIZE                  
0000026d  initMotor                     
000002bb  motorForward                  
000002f1  motorBackward                 
00000327  motorRightTurn90              
0000037b  motorLeftTurn90               
000003cf  motorCorrection               
0000041f  motorRect                     
000004e7  motorStop                     
000004f5  motorBackAvoid                
0000053d  motorLeftTurn45               
0000059d  motorRightTurn45              
000005f3  motorAvoidLeftBump            
0000061f  motorAvoidRightBump           
00000665  GPIOPadConfigSet              
00000795  initQEInterrupt               
000007f7  QEInterruptHandler            
00000851  getRevCountLeft               
00000857  getRevCountRight              
0000085d  clearCount                    
00000885  initPWM                       
00000931  setPW                         
0000096d  IntEnable                     
000009cd  GPIOIntTypeSet                
00000a25  main                          
00000a71  GPIOPinConfigure              
00000ab9  __TI_auto_init_nobinit_nopinit
00000b3d  IntRegister                   
00000b71  SysCtlPeripheralEnable        
00000ba5  SysCtlPeripheralReady         
00000bd9  _c_int00_noargs               
00000c0d  GPIODirModeSet                
00000c37  PWMGenConfigure               
00000c59  PWMPulseWidthSet              
00000c77  GPIOIntRegister               
00000c8f  GPIOPinTypeGPIOOutput         
00000ca7  GPIOPinTypeGPIOInput          
00000cb9  GPIOPinTypePWM                
00000ccb  PWMOutputState                
00000cdd  __TI_zero_init_nomemset       
00000cef  PWMGenPeriodSet               
00000cff  GPIOIntEnable                 
00000d0b  PWMGenEnable                  
00000d17  ResetISR                      
00000d23  GPIOIntClear                  
00000d29  GPIOPinRead                   
00000d2f  GPIOPinWrite                  
00000d35  SysCtlDelay                   
00000d3b  _system_pre_init              
00000d3f  C$$EXIT                       
00000d3f  abort                         
00000fd8  __TI_Handler_Table_Base       
00000fdc  __TI_CINIT_Base               
00000fdc  __TI_Handler_Table_Limit      
00000fec  __TI_CINIT_Limit              
20000000  g_pfnRAMVectors               
2000026c  revCountLeft                  
2000026e  revCountRight                 
20000270  __stack                       
20000470  __STACK_END                   
20000470  __STACK_TOP                   
ffffffff  __TI_pprof_out_hndl           
ffffffff  __TI_prof_data_size           
ffffffff  __TI_prof_data_start          
ffffffff  __binit__                     
ffffffff  __c_args__                    
ffffffff  binit                         
UNDEFED   __mpu_init                    
UNDEFED   _system_post_cinit            

[71 symbols]
