<?xml version="1.0" encoding="ISO-8859-1" ?>
<link_info>
   <banner>TI ARM Linker PC v18.12.1.LTS</banner>
   <copyright>Copyright (c) 1996-2018 Texas Instruments Incorporated</copyright>
   <link_time>0x622ff2db</link_time>
   <link_errors>0x0</link_errors>
   <output_file>Lab_3.out</output_file>
   <entry_point>
      <name>_c_int00_noargs</name>
      <address>0xbd9</address>
   </entry_point>
   <input_file_list>
      <input_file id="fl-2">
         <path>.\</path>
         <kind>object</kind>
         <file>main.obj</file>
         <name>main.obj</name>
      </input_file>
      <input_file id="fl-3">
         <path>.\</path>
         <kind>object</kind>
         <file>tm4c123gh6pm_startup_ccs.obj</file>
         <name>tm4c123gh6pm_startup_ccs.obj</name>
      </input_file>
      <input_file id="fl-9">
         <kind>object</kind>
         <file>&lt;internal&gt;</file>
         <name>&lt;internal&gt;</name>
      </input_file>
      <input_file id="fl-a">
         <path>C:\Users\emily\bishop_ecpe155_2022\Robot_Library\Debug\</path>
         <kind>archive</kind>
         <file>Robot_Library.lib</file>
         <name>Motor_Control.obj</name>
      </input_file>
      <input_file id="fl-b">
         <path>C:\Users\emily\bishop_ecpe155_2022\Robot_Library\Debug\</path>
         <kind>archive</kind>
         <file>Robot_Library.lib</file>
         <name>PWM.obj</name>
      </input_file>
      <input_file id="fl-c">
         <path>C:\Users\emily\bishop_ecpe155_2022\Robot_Library\Debug\</path>
         <kind>archive</kind>
         <file>Robot_Library.lib</file>
         <name>quadEncoder.obj</name>
      </input_file>
      <input_file id="fl-c2">
         <path>C:\ti\ccs901\ccs\tools\compiler\ti-cgt-arm_18.12.1.LTS\lib\</path>
         <kind>archive</kind>
         <file>rtsv7M4_T_le_v4SPD16_eabi.lib</file>
         <name>copy_zero_init.c.obj</name>
      </input_file>
      <input_file id="fl-c3">
         <path>C:\ti\ccs901\ccs\tools\compiler\ti-cgt-arm_18.12.1.LTS\lib\</path>
         <kind>archive</kind>
         <file>rtsv7M4_T_le_v4SPD16_eabi.lib</file>
         <name>copy_decompress_none.c.obj</name>
      </input_file>
      <input_file id="fl-c4">
         <path>C:\ti\ccs901\ccs\tools\compiler\ti-cgt-arm_18.12.1.LTS\lib\</path>
         <kind>archive</kind>
         <file>rtsv7M4_T_le_v4SPD16_eabi.lib</file>
         <name>copy_decompress_lzss.c.obj</name>
      </input_file>
      <input_file id="fl-c5">
         <path>C:\ti\ccs901\ccs\tools\compiler\ti-cgt-arm_18.12.1.LTS\lib\</path>
         <kind>archive</kind>
         <file>rtsv7M4_T_le_v4SPD16_eabi.lib</file>
         <name>boot_cortex_m.c.obj</name>
      </input_file>
      <input_file id="fl-c6">
         <path>C:\ti\ccs901\ccs\tools\compiler\ti-cgt-arm_18.12.1.LTS\lib\</path>
         <kind>archive</kind>
         <file>rtsv7M4_T_le_v4SPD16_eabi.lib</file>
         <name>memcpy_t2.asm.obj</name>
      </input_file>
      <input_file id="fl-c7">
         <path>C:\ti\ccs901\ccs\tools\compiler\ti-cgt-arm_18.12.1.LTS\lib\</path>
         <kind>archive</kind>
         <file>rtsv7M4_T_le_v4SPD16_eabi.lib</file>
         <name>memset_t2.asm.obj</name>
      </input_file>
      <input_file id="fl-c8">
         <path>C:\ti\ccs901\ccs\tools\compiler\ti-cgt-arm_18.12.1.LTS\lib\</path>
         <kind>archive</kind>
         <file>rtsv7M4_T_le_v4SPD16_eabi.lib</file>
         <name>autoinit.c.obj</name>
      </input_file>
      <input_file id="fl-c9">
         <path>C:\ti\ccs901\ccs\tools\compiler\ti-cgt-arm_18.12.1.LTS\lib\</path>
         <kind>archive</kind>
         <file>rtsv7M4_T_le_v4SPD16_eabi.lib</file>
         <name>pre_init.c.obj</name>
      </input_file>
      <input_file id="fl-ca">
         <path>C:\ti\ccs901\ccs\tools\compiler\ti-cgt-arm_18.12.1.LTS\lib\</path>
         <kind>archive</kind>
         <file>rtsv7M4_T_le_v4SPD16_eabi.lib</file>
         <name>cpy_tbl.c.obj</name>
      </input_file>
      <input_file id="fl-cb">
         <path>C:\ti\ccs901\ccs\tools\compiler\ti-cgt-arm_18.12.1.LTS\lib\</path>
         <kind>archive</kind>
         <file>rtsv7M4_T_le_v4SPD16_eabi.lib</file>
         <name>exit.c.obj</name>
      </input_file>
      <input_file id="fl-cc">
         <path>C:\ti\ccs901\ccs\tools\compiler\ti-cgt-arm_18.12.1.LTS\lib\</path>
         <kind>archive</kind>
         <file>rtsv7M4_T_le_v4SPD16_eabi.lib</file>
         <name>_lock.c.obj</name>
      </input_file>
      <input_file id="fl-cd">
         <path>C:\ti\ccs901\ccs\tools\compiler\ti-cgt-arm_18.12.1.LTS\lib\</path>
         <kind>archive</kind>
         <file>rtsv7M4_T_le_v4SPD16_eabi.lib</file>
         <name>args_main.c.obj</name>
      </input_file>
      <input_file id="fl-ce">
         <path>C:\Users\emily\bishop_ecpe155_2022\TivaWare\driverlib\ccs\Debug\</path>
         <kind>archive</kind>
         <file>driverlib.lib</file>
         <name>sysctl.obj</name>
      </input_file>
      <input_file id="fl-cf">
         <path>C:\Users\emily\bishop_ecpe155_2022\TivaWare\driverlib\ccs\Debug\</path>
         <kind>archive</kind>
         <file>driverlib.lib</file>
         <name>pwm.obj</name>
      </input_file>
      <input_file id="fl-d0">
         <path>C:\Users\emily\bishop_ecpe155_2022\TivaWare\driverlib\ccs\Debug\</path>
         <kind>archive</kind>
         <file>driverlib.lib</file>
         <name>interrupt.obj</name>
      </input_file>
      <input_file id="fl-d1">
         <path>C:\Users\emily\bishop_ecpe155_2022\TivaWare\driverlib\ccs\Debug\</path>
         <kind>archive</kind>
         <file>driverlib.lib</file>
         <name>gpio.obj</name>
      </input_file>
      <input_file id="fl-d2">
         <path>C:\Users\emily\bishop_ecpe155_2022\TivaWare\driverlib\ccs\Debug\</path>
         <kind>archive</kind>
         <file>driverlib.lib</file>
         <name>cpu.obj</name>
      </input_file>
   </input_file_list>
   <object_component_list>
      <object_component id="oc-f">
         <name>.intvecs</name>
         <load_address>0x0</load_address>
         <run_address>0x0</run_address>
         <size>0x26c</size>
         <input_file_ref idref="fl-3"/>
      </object_component>
      <object_component id="oc-c6">
         <name>.text</name>
         <load_address>0x26c</load_address>
         <run_address>0x26c</run_address>
         <size>0x3f8</size>
         <input_file_ref idref="fl-a"/>
      </object_component>
      <object_component id="oc-1a4">
         <name>.text:GPIOPadConfigSet</name>
         <load_address>0x664</load_address>
         <run_address>0x664</run_address>
         <size>0x130</size>
         <input_file_ref idref="fl-d1"/>
      </object_component>
      <object_component id="oc-c0">
         <name>.text</name>
         <load_address>0x794</load_address>
         <run_address>0x794</run_address>
         <size>0xf0</size>
         <input_file_ref idref="fl-c"/>
      </object_component>
      <object_component id="oc-149">
         <name>.text</name>
         <load_address>0x884</load_address>
         <run_address>0x884</run_address>
         <size>0xe8</size>
         <input_file_ref idref="fl-b"/>
      </object_component>
      <object_component id="oc-196">
         <name>.text:IntEnable</name>
         <load_address>0x96c</load_address>
         <run_address>0x96c</run_address>
         <size>0x60</size>
         <input_file_ref idref="fl-d0"/>
      </object_component>
      <object_component id="oc-12a">
         <name>.text:GPIOIntTypeSet</name>
         <load_address>0x9cc</load_address>
         <run_address>0x9cc</run_address>
         <size>0x56</size>
         <input_file_ref idref="fl-d1"/>
      </object_component>
      <object_component id="oc-98">
         <name>.text</name>
         <load_address>0xa24</load_address>
         <run_address>0xa24</run_address>
         <size>0x4c</size>
         <input_file_ref idref="fl-2"/>
      </object_component>
      <object_component id="oc-1b6">
         <name>.text:GPIOPinConfigure</name>
         <load_address>0xa70</load_address>
         <run_address>0xa70</run_address>
         <size>0x48</size>
         <input_file_ref idref="fl-d1"/>
      </object_component>
      <object_component id="oc-de">
         <name>.text:__TI_auto_init_nobinit_nopinit:__TI_auto_init_nobinit_nopinit</name>
         <load_address>0xab8</load_address>
         <run_address>0xab8</run_address>
         <size>0x44</size>
         <input_file_ref idref="fl-c8"/>
      </object_component>
      <object_component id="oc-18a">
         <name>.text:_GPIOIntNumberGet</name>
         <load_address>0xafc</load_address>
         <run_address>0xafc</run_address>
         <size>0x40</size>
         <input_file_ref idref="fl-d1"/>
      </object_component>
      <object_component id="oc-190">
         <name>.text:IntRegister</name>
         <load_address>0xb3c</load_address>
         <run_address>0xb3c</run_address>
         <size>0x34</size>
         <input_file_ref idref="fl-d0"/>
      </object_component>
      <object_component id="oc-112">
         <name>.text:SysCtlPeripheralEnable</name>
         <load_address>0xb70</load_address>
         <run_address>0xb70</run_address>
         <size>0x34</size>
         <input_file_ref idref="fl-ce"/>
      </object_component>
      <object_component id="oc-118">
         <name>.text:SysCtlPeripheralReady</name>
         <load_address>0xba4</load_address>
         <run_address>0xba4</run_address>
         <size>0x34</size>
         <input_file_ref idref="fl-ce"/>
      </object_component>
      <object_component id="oc-56">
         <name>.text:_c_int00_noargs:_c_int00_noargs</name>
         <load_address>0xbd8</load_address>
         <run_address>0xbd8</run_address>
         <size>0x34</size>
         <input_file_ref idref="fl-c5"/>
      </object_component>
      <object_component id="oc-19e">
         <name>.text:GPIODirModeSet</name>
         <load_address>0xc0c</load_address>
         <run_address>0xc0c</run_address>
         <size>0x2a</size>
         <input_file_ref idref="fl-d1"/>
      </object_component>
      <object_component id="oc-1bc">
         <name>.text:PWMGenConfigure</name>
         <load_address>0xc36</load_address>
         <run_address>0xc36</run_address>
         <size>0x22</size>
         <input_file_ref idref="fl-cf"/>
      </object_component>
      <object_component id="oc-1c8">
         <name>.text:PWMPulseWidthSet</name>
         <load_address>0xc58</load_address>
         <run_address>0xc58</run_address>
         <size>0x1e</size>
         <input_file_ref idref="fl-cf"/>
      </object_component>
      <object_component id="oc-11e">
         <name>.text:GPIOIntRegister</name>
         <load_address>0xc76</load_address>
         <run_address>0xc76</run_address>
         <size>0x18</size>
         <input_file_ref idref="fl-d1"/>
      </object_component>
      <object_component id="oc-130">
         <name>.text:GPIOPinTypeGPIOOutput</name>
         <load_address>0xc8e</load_address>
         <run_address>0xc8e</run_address>
         <size>0x18</size>
         <input_file_ref idref="fl-d1"/>
      </object_component>
      <object_component id="oc-124">
         <name>.text:GPIOPinTypeGPIOInput</name>
         <load_address>0xca6</load_address>
         <run_address>0xca6</run_address>
         <size>0x12</size>
         <input_file_ref idref="fl-d1"/>
      </object_component>
      <object_component id="oc-1b0">
         <name>.text:GPIOPinTypePWM</name>
         <load_address>0xcb8</load_address>
         <run_address>0xcb8</run_address>
         <size>0x12</size>
         <input_file_ref idref="fl-d1"/>
      </object_component>
      <object_component id="oc-1ce">
         <name>.text:PWMOutputState</name>
         <load_address>0xcca</load_address>
         <run_address>0xcca</run_address>
         <size>0x12</size>
         <input_file_ref idref="fl-cf"/>
      </object_component>
      <object_component id="oc-44">
         <name>.text:decompress:ZI:__TI_zero_init_nomemset:__TI_zero_init_nomemset</name>
         <load_address>0xcdc</load_address>
         <run_address>0xcdc</run_address>
         <size>0x12</size>
         <input_file_ref idref="fl-c2"/>
      </object_component>
      <object_component id="oc-1c2">
         <name>.text:PWMGenPeriodSet</name>
         <load_address>0xcee</load_address>
         <run_address>0xcee</run_address>
         <size>0x10</size>
         <input_file_ref idref="fl-cf"/>
      </object_component>
      <object_component id="oc-136">
         <name>.text:GPIOIntEnable</name>
         <load_address>0xcfe</load_address>
         <run_address>0xcfe</run_address>
         <size>0xc</size>
         <input_file_ref idref="fl-d1"/>
      </object_component>
      <object_component id="oc-1d4">
         <name>.text:PWMGenEnable</name>
         <load_address>0xd0a</load_address>
         <run_address>0xd0a</run_address>
         <size>0xc</size>
         <input_file_ref idref="fl-cf"/>
      </object_component>
      <object_component id="oc-24">
         <name>.text</name>
         <load_address>0xd16</load_address>
         <run_address>0xd16</run_address>
         <size>0xc</size>
         <input_file_ref idref="fl-3"/>
      </object_component>
      <object_component id="oc-13c">
         <name>.text:GPIOIntClear</name>
         <load_address>0xd22</load_address>
         <run_address>0xd22</run_address>
         <size>0x6</size>
         <input_file_ref idref="fl-d1"/>
      </object_component>
      <object_component id="oc-142">
         <name>.text:GPIOPinRead</name>
         <load_address>0xd28</load_address>
         <run_address>0xd28</run_address>
         <size>0x6</size>
         <input_file_ref idref="fl-d1"/>
      </object_component>
      <object_component id="oc-14f">
         <name>.text:GPIOPinWrite</name>
         <load_address>0xd2e</load_address>
         <run_address>0xd2e</run_address>
         <size>0x6</size>
         <input_file_ref idref="fl-d1"/>
      </object_component>
      <object_component id="oc-cc">
         <name>.text:SysCtlDelay</name>
         <load_address>0xd34</load_address>
         <run_address>0xd34</run_address>
         <size>0x6</size>
         <input_file_ref idref="fl-ce"/>
      </object_component>
      <object_component id="oc-92">
         <name>.text:_system_pre_init</name>
         <load_address>0xd3a</load_address>
         <run_address>0xd3a</run_address>
         <size>0x4</size>
         <input_file_ref idref="fl-c9"/>
      </object_component>
      <object_component id="oc-d2">
         <name>.text:abort:abort</name>
         <load_address>0xd3e</load_address>
         <run_address>0xd3e</run_address>
         <size>0x4</size>
         <input_file_ref idref="fl-cb"/>
      </object_component>
      <object_component id="oc-204">
         <name>.const:g_ppui32GPIOIntMapBlizzard</name>
         <load_address>0xd44</load_address>
         <run_address>0xd44</run_address>
         <size>0xc0</size>
         <input_file_ref idref="fl-d1"/>
      </object_component>
      <object_component id="oc-207">
         <name>.const:g_ppui32GPIOIntMapSnowflake</name>
         <load_address>0xe04</load_address>
         <run_address>0xe04</run_address>
         <size>0xc0</size>
         <input_file_ref idref="fl-d1"/>
      </object_component>
      <object_component id="oc-219">
         <name>.const:g_pui32GPIOBaseAddrs</name>
         <load_address>0xec4</load_address>
         <run_address>0xec4</run_address>
         <size>0x90</size>
         <input_file_ref idref="fl-d1"/>
      </object_component>
      <object_component id="oc-210">
         <name>.const</name>
         <load_address>0xf54</load_address>
         <run_address>0xf54</run_address>
         <size>0x70</size>
         <input_file_ref idref="fl-d0"/>
      </object_component>
      <object_component id="oc-26a">
         <name>.cinit..bss.load</name>
         <load_address>0xfc8</load_address>
         <run_address>0xfc8</run_address>
         <size>0x8</size>
      </object_component>
      <object_component id="oc-269">
         <name>.cinit..vtable.load</name>
         <load_address>0xfd0</load_address>
         <run_address>0xfd0</run_address>
         <size>0x8</size>
      </object_component>
      <object_component id="oc-267">
         <name>__TI_handler_table</name>
         <load_address>0xfd8</load_address>
         <run_address>0xfd8</run_address>
         <size>0x4</size>
      </object_component>
      <object_component id="oc-268">
         <name>__TI_cinit_table</name>
         <load_address>0xfdc</load_address>
         <run_address>0xfdc</run_address>
         <size>0x10</size>
      </object_component>
      <object_component id="oc-20b">
         <name>.vtable</name>
         <uninitialized>true</uninitialized>
         <run_address>0x20000000</run_address>
         <size>0x26c</size>
         <input_file_ref idref="fl-d0"/>
      </object_component>
      <object_component id="oc-d0">
         <name>.common:revCountLeft</name>
         <uninitialized>true</uninitialized>
         <run_address>0x2000026c</run_address>
         <size>0x2</size>
      </object_component>
      <object_component id="oc-cd">
         <name>.common:revCountRight</name>
         <uninitialized>true</uninitialized>
         <run_address>0x2000026e</run_address>
         <size>0x2</size>
      </object_component>
      <object_component id="oc-21">
         <name>.stack</name>
         <uninitialized>true</uninitialized>
         <run_address>0x20000270</run_address>
         <size>0x4</size>
         <input_file_ref idref="fl-c5"/>
      </object_component>
      <object_component id="oc-26b">
         <name>.stack</name>
         <uninitialized>true</uninitialized>
         <run_address>0x20000270</run_address>
         <size>0x0</size>
      </object_component>
      <object_component id="oc-af">
         <name>.debug_info</name>
         <load_address>0x0</load_address>
         <run_address>0x0</run_address>
         <size>0x3c9</size>
         <input_file_ref idref="fl-2"/>
      </object_component>
      <object_component id="oc-9a">
         <name>.debug_info</name>
         <load_address>0x3c9</load_address>
         <run_address>0x3c9</run_address>
         <size>0x172</size>
         <input_file_ref idref="fl-2"/>
      </object_component>
      <object_component id="oc-6d">
         <name>.debug_info</name>
         <load_address>0x53b</load_address>
         <run_address>0x53b</run_address>
         <size>0x26b</size>
         <input_file_ref idref="fl-2"/>
      </object_component>
      <object_component id="oc-33">
         <name>.debug_info</name>
         <load_address>0x7a6</load_address>
         <run_address>0x7a6</run_address>
         <size>0x84</size>
         <input_file_ref idref="fl-2"/>
      </object_component>
      <object_component id="oc-aa">
         <name>.debug_info</name>
         <load_address>0x82a</load_address>
         <run_address>0x82a</run_address>
         <size>0x297</size>
         <input_file_ref idref="fl-2"/>
      </object_component>
      <object_component id="oc-72">
         <name>.debug_info</name>
         <load_address>0xac1</load_address>
         <run_address>0xac1</run_address>
         <size>0xbb</size>
         <input_file_ref idref="fl-2"/>
      </object_component>
      <object_component id="oc-2c">
         <name>.debug_info</name>
         <load_address>0xb7c</load_address>
         <run_address>0xb7c</run_address>
         <size>0x2ac</size>
         <input_file_ref idref="fl-3"/>
      </object_component>
      <object_component id="oc-10">
         <name>.debug_info</name>
         <load_address>0xe28</load_address>
         <run_address>0xe28</run_address>
         <size>0xeb</size>
         <input_file_ref idref="fl-3"/>
      </object_component>
      <object_component id="oc-25">
         <name>.debug_info</name>
         <load_address>0xf13</load_address>
         <run_address>0xf13</run_address>
         <size>0x267</size>
         <input_file_ref idref="fl-3"/>
      </object_component>
      <object_component id="oc-c7">
         <name>.debug_info</name>
         <load_address>0x117a</load_address>
         <run_address>0x117a</run_address>
         <size>0xbc8</size>
         <input_file_ref idref="fl-a"/>
      </object_component>
      <object_component id="oc-156">
         <name>.debug_info</name>
         <load_address>0x1d42</load_address>
         <run_address>0x1d42</run_address>
         <size>0x8b</size>
         <input_file_ref idref="fl-a"/>
      </object_component>
      <object_component id="oc-14d">
         <name>.debug_info</name>
         <load_address>0x1dcd</load_address>
         <run_address>0x1dcd</run_address>
         <size>0x36e</size>
         <input_file_ref idref="fl-b"/>
      </object_component>
      <object_component id="oc-ce">
         <name>.debug_info</name>
         <load_address>0x213b</load_address>
         <run_address>0x213b</run_address>
         <size>0x4e3</size>
         <input_file_ref idref="fl-c"/>
      </object_component>
      <object_component id="oc-c4">
         <name>.debug_info</name>
         <load_address>0x261e</load_address>
         <run_address>0x261e</run_address>
         <size>0x3d5</size>
         <input_file_ref idref="fl-c"/>
      </object_component>
      <object_component id="oc-8b">
         <name>.debug_info</name>
         <load_address>0x29f3</load_address>
         <run_address>0x29f3</run_address>
         <size>0x2d8</size>
         <input_file_ref idref="fl-c2"/>
      </object_component>
      <object_component id="oc-47">
         <name>.debug_info</name>
         <load_address>0x2ccb</load_address>
         <run_address>0x2ccb</run_address>
         <size>0x1c3</size>
         <input_file_ref idref="fl-c2"/>
      </object_component>
      <object_component id="oc-86">
         <name>.debug_info</name>
         <load_address>0x2e8e</load_address>
         <run_address>0x2e8e</run_address>
         <size>0x46</size>
         <input_file_ref idref="fl-c2"/>
      </object_component>
      <object_component id="oc-b7">
         <name>.debug_info</name>
         <load_address>0x2ed4</load_address>
         <run_address>0x2ed4</run_address>
         <size>0x2c</size>
         <input_file_ref idref="fl-c2"/>
      </object_component>
      <object_component id="oc-22">
         <name>.debug_info</name>
         <load_address>0x2f00</load_address>
         <run_address>0x2f00</run_address>
         <size>0x10f</size>
         <input_file_ref idref="fl-c5"/>
      </object_component>
      <object_component id="oc-5a">
         <name>.debug_info</name>
         <load_address>0x300f</load_address>
         <run_address>0x300f</run_address>
         <size>0x1ad</size>
         <input_file_ref idref="fl-c5"/>
      </object_component>
      <object_component id="oc-168">
         <name>.debug_info</name>
         <load_address>0x31bc</load_address>
         <run_address>0x31bc</run_address>
         <size>0x4b7</size>
         <input_file_ref idref="fl-c8"/>
      </object_component>
      <object_component id="oc-e0">
         <name>.debug_info</name>
         <load_address>0x3673</load_address>
         <run_address>0x3673</run_address>
         <size>0x1aa</size>
         <input_file_ref idref="fl-c8"/>
      </object_component>
      <object_component id="oc-1ec">
         <name>.debug_info</name>
         <load_address>0x381d</load_address>
         <run_address>0x381d</run_address>
         <size>0x39</size>
         <input_file_ref idref="fl-c8"/>
      </object_component>
      <object_component id="oc-226">
         <name>.debug_info</name>
         <load_address>0x3856</load_address>
         <run_address>0x3856</run_address>
         <size>0x39</size>
         <input_file_ref idref="fl-c8"/>
      </object_component>
      <object_component id="oc-1f1">
         <name>.debug_info</name>
         <load_address>0x388f</load_address>
         <run_address>0x388f</run_address>
         <size>0x39</size>
         <input_file_ref idref="fl-c8"/>
      </object_component>
      <object_component id="oc-1f6">
         <name>.debug_info</name>
         <load_address>0x38c8</load_address>
         <run_address>0x38c8</run_address>
         <size>0xcd</size>
         <input_file_ref idref="fl-c8"/>
      </object_component>
      <object_component id="oc-96">
         <name>.debug_info</name>
         <load_address>0x3995</load_address>
         <run_address>0x3995</run_address>
         <size>0x157</size>
         <input_file_ref idref="fl-c9"/>
      </object_component>
      <object_component id="oc-d5">
         <name>.debug_info</name>
         <load_address>0x3aec</load_address>
         <run_address>0x3aec</run_address>
         <size>0x126</size>
         <input_file_ref idref="fl-cb"/>
      </object_component>
      <object_component id="oc-183">
         <name>.debug_info</name>
         <load_address>0x3c12</load_address>
         <run_address>0x3c12</run_address>
         <size>0x226</size>
         <input_file_ref idref="fl-ce"/>
      </object_component>
      <object_component id="oc-11a">
         <name>.debug_info</name>
         <load_address>0x3e38</load_address>
         <run_address>0x3e38</run_address>
         <size>0x1e3</size>
         <input_file_ref idref="fl-ce"/>
      </object_component>
      <object_component id="oc-114">
         <name>.debug_info</name>
         <load_address>0x401b</load_address>
         <run_address>0x401b</run_address>
         <size>0x1e1</size>
         <input_file_ref idref="fl-ce"/>
      </object_component>
      <object_component id="oc-1ff">
         <name>.debug_info</name>
         <load_address>0x41fc</load_address>
         <run_address>0x41fc</run_address>
         <size>0x5f</size>
         <input_file_ref idref="fl-ce"/>
      </object_component>
      <object_component id="oc-185">
         <name>.debug_info</name>
         <load_address>0x425b</load_address>
         <run_address>0x425b</run_address>
         <size>0x90</size>
         <input_file_ref idref="fl-ce"/>
      </object_component>
      <object_component id="oc-17e">
         <name>.debug_info</name>
         <load_address>0x42eb</load_address>
         <run_address>0x42eb</run_address>
         <size>0x18b</size>
         <input_file_ref idref="fl-ce"/>
      </object_component>
      <object_component id="oc-21e">
         <name>.debug_info</name>
         <load_address>0x4476</load_address>
         <run_address>0x4476</run_address>
         <size>0x194</size>
         <input_file_ref idref="fl-cf"/>
      </object_component>
      <object_component id="oc-1ca">
         <name>.debug_info</name>
         <load_address>0x460a</load_address>
         <run_address>0x460a</run_address>
         <size>0x25a</size>
         <input_file_ref idref="fl-cf"/>
      </object_component>
      <object_component id="oc-1d0">
         <name>.debug_info</name>
         <load_address>0x4864</load_address>
         <run_address>0x4864</run_address>
         <size>0x228</size>
         <input_file_ref idref="fl-cf"/>
      </object_component>
      <object_component id="oc-1c4">
         <name>.debug_info</name>
         <load_address>0x4a8c</load_address>
         <run_address>0x4a8c</run_address>
         <size>0x21a</size>
         <input_file_ref idref="fl-cf"/>
      </object_component>
      <object_component id="oc-1d6">
         <name>.debug_info</name>
         <load_address>0x4ca6</load_address>
         <run_address>0x4ca6</run_address>
         <size>0x1da</size>
         <input_file_ref idref="fl-cf"/>
      </object_component>
      <object_component id="oc-1be">
         <name>.debug_info</name>
         <load_address>0x4e80</load_address>
         <run_address>0x4e80</run_address>
         <size>0x217</size>
         <input_file_ref idref="fl-cf"/>
      </object_component>
      <object_component id="oc-20f">
         <name>.debug_info</name>
         <load_address>0x5097</load_address>
         <run_address>0x5097</run_address>
         <size>0x1ba</size>
         <input_file_ref idref="fl-d0"/>
      </object_component>
      <object_component id="oc-211">
         <name>.debug_info</name>
         <load_address>0x5251</load_address>
         <run_address>0x5251</run_address>
         <size>0x1c2</size>
         <input_file_ref idref="fl-d0"/>
      </object_component>
      <object_component id="oc-20c">
         <name>.debug_info</name>
         <load_address>0x5413</load_address>
         <run_address>0x5413</run_address>
         <size>0x109</size>
         <input_file_ref idref="fl-d0"/>
      </object_component>
      <object_component id="oc-191">
         <name>.debug_info</name>
         <load_address>0x551c</load_address>
         <run_address>0x551c</run_address>
         <size>0x2b0</size>
         <input_file_ref idref="fl-d0"/>
      </object_component>
      <object_component id="oc-199">
         <name>.debug_info</name>
         <load_address>0x57cc</load_address>
         <run_address>0x57cc</run_address>
         <size>0x1cc</size>
         <input_file_ref idref="fl-d0"/>
      </object_component>
      <object_component id="oc-19d">
         <name>.debug_info</name>
         <load_address>0x5998</load_address>
         <run_address>0x5998</run_address>
         <size>0x1d7</size>
         <input_file_ref idref="fl-d1"/>
      </object_component>
      <object_component id="oc-205">
         <name>.debug_info</name>
         <load_address>0x5b6f</load_address>
         <run_address>0x5b6f</run_address>
         <size>0x119</size>
         <input_file_ref idref="fl-d1"/>
      </object_component>
      <object_component id="oc-208">
         <name>.debug_info</name>
         <load_address>0x5c88</load_address>
         <run_address>0x5c88</run_address>
         <size>0x11b</size>
         <input_file_ref idref="fl-d1"/>
      </object_component>
      <object_component id="oc-21a">
         <name>.debug_info</name>
         <load_address>0x5da3</load_address>
         <run_address>0x5da3</run_address>
         <size>0x10d</size>
         <input_file_ref idref="fl-d1"/>
      </object_component>
      <object_component id="oc-150">
         <name>.debug_info</name>
         <load_address>0x5eb0</load_address>
         <run_address>0x5eb0</run_address>
         <size>0x207</size>
         <input_file_ref idref="fl-d1"/>
      </object_component>
      <object_component id="oc-19f">
         <name>.debug_info</name>
         <load_address>0x60b7</load_address>
         <run_address>0x60b7</run_address>
         <size>0x217</size>
         <input_file_ref idref="fl-d1"/>
      </object_component>
      <object_component id="oc-1a5">
         <name>.debug_info</name>
         <load_address>0x62ce</load_address>
         <run_address>0x62ce</run_address>
         <size>0x312</size>
         <input_file_ref idref="fl-d1"/>
      </object_component>
      <object_component id="oc-1b1">
         <name>.debug_info</name>
         <load_address>0x65e0</load_address>
         <run_address>0x65e0</run_address>
         <size>0x1dd</size>
         <input_file_ref idref="fl-d1"/>
      </object_component>
      <object_component id="oc-131">
         <name>.debug_info</name>
         <load_address>0x67bd</load_address>
         <run_address>0x67bd</run_address>
         <size>0x1eb</size>
         <input_file_ref idref="fl-d1"/>
      </object_component>
      <object_component id="oc-125">
         <name>.debug_info</name>
         <load_address>0x69a8</load_address>
         <run_address>0x69a8</run_address>
         <size>0x1e9</size>
         <input_file_ref idref="fl-d1"/>
      </object_component>
      <object_component id="oc-143">
         <name>.debug_info</name>
         <load_address>0x6b91</load_address>
         <run_address>0x6b91</run_address>
         <size>0x1df</size>
         <input_file_ref idref="fl-d1"/>
      </object_component>
      <object_component id="oc-1b7">
         <name>.debug_info</name>
         <load_address>0x6d70</load_address>
         <run_address>0x6d70</run_address>
         <size>0x1e4</size>
         <input_file_ref idref="fl-d1"/>
      </object_component>
      <object_component id="oc-18b">
         <name>.debug_info</name>
         <load_address>0x6f54</load_address>
         <run_address>0x6f54</run_address>
         <size>0x26f</size>
         <input_file_ref idref="fl-d1"/>
      </object_component>
      <object_component id="oc-12b">
         <name>.debug_info</name>
         <load_address>0x71c3</load_address>
         <run_address>0x71c3</run_address>
         <size>0x21f</size>
         <input_file_ref idref="fl-d1"/>
      </object_component>
      <object_component id="oc-11f">
         <name>.debug_info</name>
         <load_address>0x73e2</load_address>
         <run_address>0x73e2</run_address>
         <size>0x1f9</size>
         <input_file_ref idref="fl-d1"/>
      </object_component>
      <object_component id="oc-137">
         <name>.debug_info</name>
         <load_address>0x75db</load_address>
         <run_address>0x75db</run_address>
         <size>0x1f3</size>
         <input_file_ref idref="fl-d1"/>
      </object_component>
      <object_component id="oc-13d">
         <name>.debug_info</name>
         <load_address>0x77ce</load_address>
         <run_address>0x77ce</run_address>
         <size>0x1f1</size>
         <input_file_ref idref="fl-d1"/>
      </object_component>
      <object_component id="oc-26c">
         <name>.debug_info</name>
         <load_address>0x79bf</load_address>
         <run_address>0x79bf</run_address>
         <size>0x9e</size>
      </object_component>
      <object_component id="oc-111">
         <name>.debug_line</name>
         <load_address>0x0</load_address>
         <run_address>0x0</run_address>
         <size>0xe8</size>
         <input_file_ref idref="fl-2"/>
      </object_component>
      <object_component id="oc-99">
         <name>.debug_line</name>
         <load_address>0xe8</load_address>
         <run_address>0xe8</run_address>
         <size>0x4f</size>
         <input_file_ref idref="fl-2"/>
      </object_component>
      <object_component id="oc-70">
         <name>.debug_line</name>
         <load_address>0x137</load_address>
         <run_address>0x137</run_address>
         <size>0x6f</size>
         <input_file_ref idref="fl-2"/>
      </object_component>
      <object_component id="oc-36">
         <name>.debug_line</name>
         <load_address>0x1a6</load_address>
         <run_address>0x1a6</run_address>
         <size>0x20</size>
         <input_file_ref idref="fl-2"/>
      </object_component>
      <object_component id="oc-ad">
         <name>.debug_line</name>
         <load_address>0x1c6</load_address>
         <run_address>0x1c6</run_address>
         <size>0x73</size>
         <input_file_ref idref="fl-2"/>
      </object_component>
      <object_component id="oc-75">
         <name>.debug_line</name>
         <load_address>0x239</load_address>
         <run_address>0x239</run_address>
         <size>0x70</size>
         <input_file_ref idref="fl-2"/>
      </object_component>
      <object_component id="oc-6c">
         <name>.debug_line</name>
         <load_address>0x2a9</load_address>
         <run_address>0x2a9</run_address>
         <size>0x41</size>
         <input_file_ref idref="fl-3"/>
      </object_component>
      <object_component id="oc-2b">
         <name>.debug_line</name>
         <load_address>0x2ea</load_address>
         <run_address>0x2ea</run_address>
         <size>0x41</size>
         <input_file_ref idref="fl-3"/>
      </object_component>
      <object_component id="oc-28">
         <name>.debug_line</name>
         <load_address>0x32b</load_address>
         <run_address>0x32b</run_address>
         <size>0xa1</size>
         <input_file_ref idref="fl-3"/>
      </object_component>
      <object_component id="oc-ca">
         <name>.debug_line</name>
         <load_address>0x3cc</load_address>
         <run_address>0x3cc</run_address>
         <size>0x23a</size>
         <input_file_ref idref="fl-a"/>
      </object_component>
      <object_component id="oc-159">
         <name>.debug_line</name>
         <load_address>0x606</load_address>
         <run_address>0x606</run_address>
         <size>0x20</size>
         <input_file_ref idref="fl-a"/>
      </object_component>
      <object_component id="oc-14c">
         <name>.debug_line</name>
         <load_address>0x626</load_address>
         <run_address>0x626</run_address>
         <size>0x78</size>
         <input_file_ref idref="fl-b"/>
      </object_component>
      <object_component id="oc-15c">
         <name>.debug_line</name>
         <load_address>0x69e</load_address>
         <run_address>0x69e</run_address>
         <size>0xcc</size>
         <input_file_ref idref="fl-c"/>
      </object_component>
      <object_component id="oc-c2">
         <name>.debug_line</name>
         <load_address>0x76a</load_address>
         <run_address>0x76a</run_address>
         <size>0xdd</size>
         <input_file_ref idref="fl-c"/>
      </object_component>
      <object_component id="oc-bd">
         <name>.debug_line</name>
         <load_address>0x847</load_address>
         <run_address>0x847</run_address>
         <size>0x95</size>
         <input_file_ref idref="fl-c2"/>
      </object_component>
      <object_component id="oc-49">
         <name>.debug_line</name>
         <load_address>0x8dc</load_address>
         <run_address>0x8dc</run_address>
         <size>0x4f</size>
         <input_file_ref idref="fl-c2"/>
      </object_component>
      <object_component id="oc-89">
         <name>.debug_line</name>
         <load_address>0x92b</load_address>
         <run_address>0x92b</run_address>
         <size>0x34</size>
         <input_file_ref idref="fl-c2"/>
      </object_component>
      <object_component id="oc-ba">
         <name>.debug_line</name>
         <load_address>0x95f</load_address>
         <run_address>0x95f</run_address>
         <size>0x95</size>
         <input_file_ref idref="fl-c2"/>
      </object_component>
      <object_component id="oc-69">
         <name>.debug_line</name>
         <load_address>0x9f4</load_address>
         <run_address>0x9f4</run_address>
         <size>0x33</size>
         <input_file_ref idref="fl-c5"/>
      </object_component>
      <object_component id="oc-58">
         <name>.debug_line</name>
         <load_address>0xa27</load_address>
         <run_address>0xa27</run_address>
         <size>0x45</size>
         <input_file_ref idref="fl-c5"/>
      </object_component>
      <object_component id="oc-1eb">
         <name>.debug_line</name>
         <load_address>0xa6c</load_address>
         <run_address>0xa6c</run_address>
         <size>0xc2</size>
         <input_file_ref idref="fl-c8"/>
      </object_component>
      <object_component id="oc-e3">
         <name>.debug_line</name>
         <load_address>0xb2e</load_address>
         <run_address>0xb2e</run_address>
         <size>0x6f</size>
         <input_file_ref idref="fl-c8"/>
      </object_component>
      <object_component id="oc-1ef">
         <name>.debug_line</name>
         <load_address>0xb9d</load_address>
         <run_address>0xb9d</run_address>
         <size>0x2e</size>
         <input_file_ref idref="fl-c8"/>
      </object_component>
      <object_component id="oc-229">
         <name>.debug_line</name>
         <load_address>0xbcb</load_address>
         <run_address>0xbcb</run_address>
         <size>0x9d</size>
         <input_file_ref idref="fl-c8"/>
      </object_component>
      <object_component id="oc-1f4">
         <name>.debug_line</name>
         <load_address>0xc68</load_address>
         <run_address>0xc68</run_address>
         <size>0x9a</size>
         <input_file_ref idref="fl-c8"/>
      </object_component>
      <object_component id="oc-1f9">
         <name>.debug_line</name>
         <load_address>0xd02</load_address>
         <run_address>0xd02</run_address>
         <size>0x96</size>
         <input_file_ref idref="fl-c8"/>
      </object_component>
      <object_component id="oc-93">
         <name>.debug_line</name>
         <load_address>0xd98</load_address>
         <run_address>0xd98</run_address>
         <size>0x40</size>
         <input_file_ref idref="fl-c9"/>
      </object_component>
      <object_component id="oc-d7">
         <name>.debug_line</name>
         <load_address>0xdd8</load_address>
         <run_address>0xdd8</run_address>
         <size>0x3c</size>
         <input_file_ref idref="fl-cb"/>
      </object_component>
      <object_component id="oc-1fe">
         <name>.debug_line</name>
         <load_address>0xe14</load_address>
         <run_address>0xe14</run_address>
         <size>0xc8</size>
         <input_file_ref idref="fl-ce"/>
      </object_component>
      <object_component id="oc-119">
         <name>.debug_line</name>
         <load_address>0xedc</load_address>
         <run_address>0xedc</run_address>
         <size>0x6d</size>
         <input_file_ref idref="fl-ce"/>
      </object_component>
      <object_component id="oc-113">
         <name>.debug_line</name>
         <load_address>0xf49</load_address>
         <run_address>0xf49</run_address>
         <size>0x6d</size>
         <input_file_ref idref="fl-ce"/>
      </object_component>
      <object_component id="oc-202">
         <name>.debug_line</name>
         <load_address>0xfb6</load_address>
         <run_address>0xfb6</run_address>
         <size>0x58</size>
         <input_file_ref idref="fl-ce"/>
      </object_component>
      <object_component id="oc-188">
         <name>.debug_line</name>
         <load_address>0x100e</load_address>
         <run_address>0x100e</run_address>
         <size>0x20</size>
         <input_file_ref idref="fl-ce"/>
      </object_component>
      <object_component id="oc-181">
         <name>.debug_line</name>
         <load_address>0x102e</load_address>
         <run_address>0x102e</run_address>
         <size>0x5e</size>
         <input_file_ref idref="fl-ce"/>
      </object_component>
      <object_component id="oc-23f">
         <name>.debug_line</name>
         <load_address>0x108c</load_address>
         <run_address>0x108c</run_address>
         <size>0x5b</size>
         <input_file_ref idref="fl-cf"/>
      </object_component>
      <object_component id="oc-1cd">
         <name>.debug_line</name>
         <load_address>0x10e7</load_address>
         <run_address>0x10e7</run_address>
         <size>0x77</size>
         <input_file_ref idref="fl-cf"/>
      </object_component>
      <object_component id="oc-1d3">
         <name>.debug_line</name>
         <load_address>0x115e</load_address>
         <run_address>0x115e</run_address>
         <size>0x6e</size>
         <input_file_ref idref="fl-cf"/>
      </object_component>
      <object_component id="oc-1c7">
         <name>.debug_line</name>
         <load_address>0x11cc</load_address>
         <run_address>0x11cc</run_address>
         <size>0x6f</size>
         <input_file_ref idref="fl-cf"/>
      </object_component>
      <object_component id="oc-1d9">
         <name>.debug_line</name>
         <load_address>0x123b</load_address>
         <run_address>0x123b</run_address>
         <size>0x6a</size>
         <input_file_ref idref="fl-cf"/>
      </object_component>
      <object_component id="oc-1c1">
         <name>.debug_line</name>
         <load_address>0x12a5</load_address>
         <run_address>0x12a5</run_address>
         <size>0x74</size>
         <input_file_ref idref="fl-cf"/>
      </object_component>
      <object_component id="oc-239">
         <name>.debug_line</name>
         <load_address>0x1319</load_address>
         <run_address>0x1319</run_address>
         <size>0x55</size>
         <input_file_ref idref="fl-d0"/>
      </object_component>
      <object_component id="oc-23b">
         <name>.debug_line</name>
         <load_address>0x136e</load_address>
         <run_address>0x136e</run_address>
         <size>0x5b</size>
         <input_file_ref idref="fl-d0"/>
      </object_component>
      <object_component id="oc-237">
         <name>.debug_line</name>
         <load_address>0x13c9</load_address>
         <run_address>0x13c9</run_address>
         <size>0x5b</size>
         <input_file_ref idref="fl-d0"/>
      </object_component>
      <object_component id="oc-194">
         <name>.debug_line</name>
         <load_address>0x1424</load_address>
         <run_address>0x1424</run_address>
         <size>0x88</size>
         <input_file_ref idref="fl-d0"/>
      </object_component>
      <object_component id="oc-198">
         <name>.debug_line</name>
         <load_address>0x14ac</load_address>
         <run_address>0x14ac</run_address>
         <size>0x99</size>
         <input_file_ref idref="fl-d0"/>
      </object_component>
      <object_component id="oc-215">
         <name>.debug_line</name>
         <load_address>0x1545</load_address>
         <run_address>0x1545</run_address>
         <size>0x5b</size>
         <input_file_ref idref="fl-d1"/>
      </object_component>
      <object_component id="oc-233">
         <name>.debug_line</name>
         <load_address>0x15a0</load_address>
         <run_address>0x15a0</run_address>
         <size>0x56</size>
         <input_file_ref idref="fl-d1"/>
      </object_component>
      <object_component id="oc-235">
         <name>.debug_line</name>
         <load_address>0x15f6</load_address>
         <run_address>0x15f6</run_address>
         <size>0x56</size>
         <input_file_ref idref="fl-d1"/>
      </object_component>
      <object_component id="oc-23d">
         <name>.debug_line</name>
         <load_address>0x164c</load_address>
         <run_address>0x164c</run_address>
         <size>0x56</size>
         <input_file_ref idref="fl-d1"/>
      </object_component>
      <object_component id="oc-154">
         <name>.debug_line</name>
         <load_address>0x16a2</load_address>
         <run_address>0x16a2</run_address>
         <size>0x6b</size>
         <input_file_ref idref="fl-d1"/>
      </object_component>
      <object_component id="oc-1a3">
         <name>.debug_line</name>
         <load_address>0x170d</load_address>
         <run_address>0x170d</run_address>
         <size>0x6e</size>
         <input_file_ref idref="fl-d1"/>
      </object_component>
      <object_component id="oc-1a9">
         <name>.debug_line</name>
         <load_address>0x177b</load_address>
         <run_address>0x177b</run_address>
         <size>0xb0</size>
         <input_file_ref idref="fl-d1"/>
      </object_component>
      <object_component id="oc-1b4">
         <name>.debug_line</name>
         <load_address>0x182b</load_address>
         <run_address>0x182b</run_address>
         <size>0x6c</size>
         <input_file_ref idref="fl-d1"/>
      </object_component>
      <object_component id="oc-134">
         <name>.debug_line</name>
         <load_address>0x1897</load_address>
         <run_address>0x1897</run_address>
         <size>0x72</size>
         <input_file_ref idref="fl-d1"/>
      </object_component>
      <object_component id="oc-128">
         <name>.debug_line</name>
         <load_address>0x1909</load_address>
         <run_address>0x1909</run_address>
         <size>0x6c</size>
         <input_file_ref idref="fl-d1"/>
      </object_component>
      <object_component id="oc-146">
         <name>.debug_line</name>
         <load_address>0x1975</load_address>
         <run_address>0x1975</run_address>
         <size>0x6b</size>
         <input_file_ref idref="fl-d1"/>
      </object_component>
      <object_component id="oc-1ba">
         <name>.debug_line</name>
         <load_address>0x19e0</load_address>
         <run_address>0x19e0</run_address>
         <size>0x80</size>
         <input_file_ref idref="fl-d1"/>
      </object_component>
      <object_component id="oc-18e">
         <name>.debug_line</name>
         <load_address>0x1a60</load_address>
         <run_address>0x1a60</run_address>
         <size>0x81</size>
         <input_file_ref idref="fl-d1"/>
      </object_component>
      <object_component id="oc-12e">
         <name>.debug_line</name>
         <load_address>0x1ae1</load_address>
         <run_address>0x1ae1</run_address>
         <size>0x72</size>
         <input_file_ref idref="fl-d1"/>
      </object_component>
      <object_component id="oc-122">
         <name>.debug_line</name>
         <load_address>0x1b53</load_address>
         <run_address>0x1b53</run_address>
         <size>0x6d</size>
         <input_file_ref idref="fl-d1"/>
      </object_component>
      <object_component id="oc-13a">
         <name>.debug_line</name>
         <load_address>0x1bc0</load_address>
         <run_address>0x1bc0</run_address>
         <size>0x6b</size>
         <input_file_ref idref="fl-d1"/>
      </object_component>
      <object_component id="oc-140">
         <name>.debug_line</name>
         <load_address>0x1c2b</load_address>
         <run_address>0x1c2b</run_address>
         <size>0x6b</size>
         <input_file_ref idref="fl-d1"/>
      </object_component>
      <object_component id="oc-9d">
         <name>.debug_frame</name>
         <load_address>0x0</load_address>
         <run_address>0x0</run_address>
         <size>0x58</size>
         <input_file_ref idref="fl-2"/>
      </object_component>
      <object_component id="oc-29">
         <name>.debug_frame</name>
         <load_address>0x58</load_address>
         <run_address>0x58</run_address>
         <size>0x90</size>
         <input_file_ref idref="fl-3"/>
      </object_component>
      <object_component id="oc-cb">
         <name>.debug_frame</name>
         <load_address>0xe8</load_address>
         <run_address>0xe8</run_address>
         <size>0x180</size>
         <input_file_ref idref="fl-a"/>
      </object_component>
      <object_component id="oc-14b">
         <name>.debug_frame</name>
         <load_address>0x268</load_address>
         <run_address>0x268</run_address>
         <size>0x74</size>
         <input_file_ref idref="fl-b"/>
      </object_component>
      <object_component id="oc-c3">
         <name>.debug_frame</name>
         <load_address>0x2dc</load_address>
         <run_address>0x2dc</run_address>
         <size>0xac</size>
         <input_file_ref idref="fl-c"/>
      </object_component>
      <object_component id="oc-46">
         <name>.debug_frame</name>
         <load_address>0x388</load_address>
         <run_address>0x388</run_address>
         <size>0x54</size>
         <input_file_ref idref="fl-c2"/>
      </object_component>
      <object_component id="oc-59">
         <name>.debug_frame</name>
         <load_address>0x3dc</load_address>
         <run_address>0x3dc</run_address>
         <size>0x50</size>
         <input_file_ref idref="fl-c5"/>
      </object_component>
      <object_component id="oc-df">
         <name>.debug_frame</name>
         <load_address>0x42c</load_address>
         <run_address>0x42c</run_address>
         <size>0x5c</size>
         <input_file_ref idref="fl-c8"/>
      </object_component>
      <object_component id="oc-94">
         <name>.debug_frame</name>
         <load_address>0x488</load_address>
         <run_address>0x488</run_address>
         <size>0x54</size>
         <input_file_ref idref="fl-c9"/>
      </object_component>
      <object_component id="oc-d3">
         <name>.debug_frame</name>
         <load_address>0x4dc</load_address>
         <run_address>0x4dc</run_address>
         <size>0x54</size>
         <input_file_ref idref="fl-cb"/>
      </object_component>
      <object_component id="oc-11d">
         <name>.debug_frame</name>
         <load_address>0x530</load_address>
         <run_address>0x530</run_address>
         <size>0x7f</size>
         <input_file_ref idref="fl-ce"/>
      </object_component>
      <object_component id="oc-117">
         <name>.debug_frame</name>
         <load_address>0x5af</load_address>
         <run_address>0x5af</run_address>
         <size>0x7f</size>
         <input_file_ref idref="fl-ce"/>
      </object_component>
      <object_component id="oc-1c9">
         <name>.debug_frame</name>
         <load_address>0x62e</load_address>
         <run_address>0x62e</run_address>
         <size>0x7f</size>
         <input_file_ref idref="fl-cf"/>
      </object_component>
      <object_component id="oc-1cf">
         <name>.debug_frame</name>
         <load_address>0x6ad</load_address>
         <run_address>0x6ad</run_address>
         <size>0x7f</size>
         <input_file_ref idref="fl-cf"/>
      </object_component>
      <object_component id="oc-1c3">
         <name>.debug_frame</name>
         <load_address>0x72c</load_address>
         <run_address>0x72c</run_address>
         <size>0x7f</size>
         <input_file_ref idref="fl-cf"/>
      </object_component>
      <object_component id="oc-1d5">
         <name>.debug_frame</name>
         <load_address>0x7ab</load_address>
         <run_address>0x7ab</run_address>
         <size>0x7f</size>
         <input_file_ref idref="fl-cf"/>
      </object_component>
      <object_component id="oc-1bd">
         <name>.debug_frame</name>
         <load_address>0x82a</load_address>
         <run_address>0x82a</run_address>
         <size>0x7f</size>
         <input_file_ref idref="fl-cf"/>
      </object_component>
      <object_component id="oc-195">
         <name>.debug_frame</name>
         <load_address>0x8a9</load_address>
         <run_address>0x8a9</run_address>
         <size>0x8f</size>
         <input_file_ref idref="fl-d0"/>
      </object_component>
      <object_component id="oc-19b">
         <name>.debug_frame</name>
         <load_address>0x938</load_address>
         <run_address>0x938</run_address>
         <size>0x7f</size>
         <input_file_ref idref="fl-d0"/>
      </object_component>
      <object_component id="oc-153">
         <name>.debug_frame</name>
         <load_address>0x9b7</load_address>
         <run_address>0x9b7</run_address>
         <size>0x7f</size>
         <input_file_ref idref="fl-d1"/>
      </object_component>
      <object_component id="oc-1a2">
         <name>.debug_frame</name>
         <load_address>0xa36</load_address>
         <run_address>0xa36</run_address>
         <size>0x7f</size>
         <input_file_ref idref="fl-d1"/>
      </object_component>
      <object_component id="oc-1a8">
         <name>.debug_frame</name>
         <load_address>0xab5</load_address>
         <run_address>0xab5</run_address>
         <size>0x90</size>
         <input_file_ref idref="fl-d1"/>
      </object_component>
      <object_component id="oc-1b5">
         <name>.debug_frame</name>
         <load_address>0xb45</load_address>
         <run_address>0xb45</run_address>
         <size>0x87</size>
         <input_file_ref idref="fl-d1"/>
      </object_component>
      <object_component id="oc-135">
         <name>.debug_frame</name>
         <load_address>0xbcc</load_address>
         <run_address>0xbcc</run_address>
         <size>0x8b</size>
         <input_file_ref idref="fl-d1"/>
      </object_component>
      <object_component id="oc-129">
         <name>.debug_frame</name>
         <load_address>0xc57</load_address>
         <run_address>0xc57</run_address>
         <size>0x87</size>
         <input_file_ref idref="fl-d1"/>
      </object_component>
      <object_component id="oc-147">
         <name>.debug_frame</name>
         <load_address>0xcde</load_address>
         <run_address>0xcde</run_address>
         <size>0x7f</size>
         <input_file_ref idref="fl-d1"/>
      </object_component>
      <object_component id="oc-1bb">
         <name>.debug_frame</name>
         <load_address>0xd5d</load_address>
         <run_address>0xd5d</run_address>
         <size>0x87</size>
         <input_file_ref idref="fl-d1"/>
      </object_component>
      <object_component id="oc-18f">
         <name>.debug_frame</name>
         <load_address>0xde4</load_address>
         <run_address>0xde4</run_address>
         <size>0x7f</size>
         <input_file_ref idref="fl-d1"/>
      </object_component>
      <object_component id="oc-12f">
         <name>.debug_frame</name>
         <load_address>0xe63</load_address>
         <run_address>0xe63</run_address>
         <size>0x7f</size>
         <input_file_ref idref="fl-d1"/>
      </object_component>
      <object_component id="oc-123">
         <name>.debug_frame</name>
         <load_address>0xee2</load_address>
         <run_address>0xee2</run_address>
         <size>0x8b</size>
         <input_file_ref idref="fl-d1"/>
      </object_component>
      <object_component id="oc-13b">
         <name>.debug_frame</name>
         <load_address>0xf6d</load_address>
         <run_address>0xf6d</run_address>
         <size>0x7f</size>
         <input_file_ref idref="fl-d1"/>
      </object_component>
      <object_component id="oc-141">
         <name>.debug_frame</name>
         <load_address>0xfec</load_address>
         <run_address>0xfec</run_address>
         <size>0x7f</size>
         <input_file_ref idref="fl-d1"/>
      </object_component>
      <object_component id="oc-110">
         <name>.debug_abbrev</name>
         <load_address>0x0</load_address>
         <run_address>0x0</run_address>
         <size>0xad</size>
         <input_file_ref idref="fl-2"/>
      </object_component>
      <object_component id="oc-d1">
         <name>.debug_abbrev</name>
         <load_address>0xad</load_address>
         <run_address>0xad</run_address>
         <size>0x54</size>
         <input_file_ref idref="fl-2"/>
      </object_component>
      <object_component id="oc-6f">
         <name>.debug_abbrev</name>
         <load_address>0x101</load_address>
         <run_address>0x101</run_address>
         <size>0x69</size>
         <input_file_ref idref="fl-2"/>
      </object_component>
      <object_component id="oc-35">
         <name>.debug_abbrev</name>
         <load_address>0x16a</load_address>
         <run_address>0x16a</run_address>
         <size>0x1f</size>
         <input_file_ref idref="fl-2"/>
      </object_component>
      <object_component id="oc-ac">
         <name>.debug_abbrev</name>
         <load_address>0x189</load_address>
         <run_address>0x189</run_address>
         <size>0x5c</size>
         <input_file_ref idref="fl-2"/>
      </object_component>
      <object_component id="oc-74">
         <name>.debug_abbrev</name>
         <load_address>0x1e5</load_address>
         <run_address>0x1e5</run_address>
         <size>0x24</size>
         <input_file_ref idref="fl-2"/>
      </object_component>
      <object_component id="oc-6b">
         <name>.debug_abbrev</name>
         <load_address>0x209</load_address>
         <run_address>0x209</run_address>
         <size>0x68</size>
         <input_file_ref idref="fl-3"/>
      </object_component>
      <object_component id="oc-2a">
         <name>.debug_abbrev</name>
         <load_address>0x271</load_address>
         <run_address>0x271</run_address>
         <size>0x29</size>
         <input_file_ref idref="fl-3"/>
      </object_component>
      <object_component id="oc-6a">
         <name>.debug_abbrev</name>
         <load_address>0x29a</load_address>
         <run_address>0x29a</run_address>
         <size>0x79</size>
         <input_file_ref idref="fl-3"/>
      </object_component>
      <object_component id="oc-155">
         <name>.debug_abbrev</name>
         <load_address>0x313</load_address>
         <run_address>0x313</run_address>
         <size>0xa7</size>
         <input_file_ref idref="fl-a"/>
      </object_component>
      <object_component id="oc-158">
         <name>.debug_abbrev</name>
         <load_address>0x3ba</load_address>
         <run_address>0x3ba</run_address>
         <size>0x1f</size>
         <input_file_ref idref="fl-a"/>
      </object_component>
      <object_component id="oc-1da">
         <name>.debug_abbrev</name>
         <load_address>0x3d9</load_address>
         <run_address>0x3d9</run_address>
         <size>0x7a</size>
         <input_file_ref idref="fl-b"/>
      </object_component>
      <object_component id="oc-15b">
         <name>.debug_abbrev</name>
         <load_address>0x453</load_address>
         <run_address>0x453</run_address>
         <size>0xcb</size>
         <input_file_ref idref="fl-c"/>
      </object_component>
      <object_component id="oc-148">
         <name>.debug_abbrev</name>
         <load_address>0x51e</load_address>
         <run_address>0x51e</run_address>
         <size>0x8d</size>
         <input_file_ref idref="fl-c"/>
      </object_component>
      <object_component id="oc-bc">
         <name>.debug_abbrev</name>
         <load_address>0x5ab</load_address>
         <run_address>0x5ab</run_address>
         <size>0x5d</size>
         <input_file_ref idref="fl-c2"/>
      </object_component>
      <object_component id="oc-85">
         <name>.debug_abbrev</name>
         <load_address>0x608</load_address>
         <run_address>0x608</run_address>
         <size>0x6f</size>
         <input_file_ref idref="fl-c2"/>
      </object_component>
      <object_component id="oc-88">
         <name>.debug_abbrev</name>
         <load_address>0x677</load_address>
         <run_address>0x677</run_address>
         <size>0x24</size>
         <input_file_ref idref="fl-c2"/>
      </object_component>
      <object_component id="oc-b9">
         <name>.debug_abbrev</name>
         <load_address>0x69b</load_address>
         <run_address>0x69b</run_address>
         <size>0x24</size>
         <input_file_ref idref="fl-c2"/>
      </object_component>
      <object_component id="oc-68">
         <name>.debug_abbrev</name>
         <load_address>0x6bf</load_address>
         <run_address>0x6bf</run_address>
         <size>0x29</size>
         <input_file_ref idref="fl-c5"/>
      </object_component>
      <object_component id="oc-a1">
         <name>.debug_abbrev</name>
         <load_address>0x6e8</load_address>
         <run_address>0x6e8</run_address>
         <size>0x55</size>
         <input_file_ref idref="fl-c5"/>
      </object_component>
      <object_component id="oc-1ea">
         <name>.debug_abbrev</name>
         <load_address>0x73d</load_address>
         <run_address>0x73d</run_address>
         <size>0xc0</size>
         <input_file_ref idref="fl-c8"/>
      </object_component>
      <object_component id="oc-167">
         <name>.debug_abbrev</name>
         <load_address>0x7fd</load_address>
         <run_address>0x7fd</run_address>
         <size>0x7e</size>
         <input_file_ref idref="fl-c8"/>
      </object_component>
      <object_component id="oc-1ee">
         <name>.debug_abbrev</name>
         <load_address>0x87b</load_address>
         <run_address>0x87b</run_address>
         <size>0x24</size>
         <input_file_ref idref="fl-c8"/>
      </object_component>
      <object_component id="oc-228">
         <name>.debug_abbrev</name>
         <load_address>0x89f</load_address>
         <run_address>0x89f</run_address>
         <size>0x24</size>
         <input_file_ref idref="fl-c8"/>
      </object_component>
      <object_component id="oc-1f3">
         <name>.debug_abbrev</name>
         <load_address>0x8c3</load_address>
         <run_address>0x8c3</run_address>
         <size>0x24</size>
         <input_file_ref idref="fl-c8"/>
      </object_component>
      <object_component id="oc-1f8">
         <name>.debug_abbrev</name>
         <load_address>0x8e7</load_address>
         <run_address>0x8e7</run_address>
         <size>0x4b</size>
         <input_file_ref idref="fl-c8"/>
      </object_component>
      <object_component id="oc-bf">
         <name>.debug_abbrev</name>
         <load_address>0x932</load_address>
         <run_address>0x932</run_address>
         <size>0x55</size>
         <input_file_ref idref="fl-c9"/>
      </object_component>
      <object_component id="oc-15d">
         <name>.debug_abbrev</name>
         <load_address>0x987</load_address>
         <run_address>0x987</run_address>
         <size>0x45</size>
         <input_file_ref idref="fl-cb"/>
      </object_component>
      <object_component id="oc-1fd">
         <name>.debug_abbrev</name>
         <load_address>0x9cc</load_address>
         <run_address>0x9cc</run_address>
         <size>0xa9</size>
         <input_file_ref idref="fl-ce"/>
      </object_component>
      <object_component id="oc-184">
         <name>.debug_abbrev</name>
         <load_address>0xa75</load_address>
         <run_address>0xa75</run_address>
         <size>0x6e</size>
         <input_file_ref idref="fl-ce"/>
      </object_component>
      <object_component id="oc-17d">
         <name>.debug_abbrev</name>
         <load_address>0xae3</load_address>
         <run_address>0xae3</run_address>
         <size>0x6c</size>
         <input_file_ref idref="fl-ce"/>
      </object_component>
      <object_component id="oc-201">
         <name>.debug_abbrev</name>
         <load_address>0xb4f</load_address>
         <run_address>0xb4f</run_address>
         <size>0x49</size>
         <input_file_ref idref="fl-ce"/>
      </object_component>
      <object_component id="oc-187">
         <name>.debug_abbrev</name>
         <load_address>0xb98</load_address>
         <run_address>0xb98</run_address>
         <size>0x23</size>
         <input_file_ref idref="fl-ce"/>
      </object_component>
      <object_component id="oc-180">
         <name>.debug_abbrev</name>
         <load_address>0xbbb</load_address>
         <run_address>0xbbb</run_address>
         <size>0x35</size>
         <input_file_ref idref="fl-ce"/>
      </object_component>
      <object_component id="oc-23e">
         <name>.debug_abbrev</name>
         <load_address>0xbf0</load_address>
         <run_address>0xbf0</run_address>
         <size>0x57</size>
         <input_file_ref idref="fl-cf"/>
      </object_component>
      <object_component id="oc-220">
         <name>.debug_abbrev</name>
         <load_address>0xc47</load_address>
         <run_address>0xc47</run_address>
         <size>0x6c</size>
         <input_file_ref idref="fl-cf"/>
      </object_component>
      <object_component id="oc-221">
         <name>.debug_abbrev</name>
         <load_address>0xcb3</load_address>
         <run_address>0xcb3</run_address>
         <size>0x6c</size>
         <input_file_ref idref="fl-cf"/>
      </object_component>
      <object_component id="oc-21f">
         <name>.debug_abbrev</name>
         <load_address>0xd1f</load_address>
         <run_address>0xd1f</run_address>
         <size>0x6c</size>
         <input_file_ref idref="fl-cf"/>
      </object_component>
      <object_component id="oc-222">
         <name>.debug_abbrev</name>
         <load_address>0xd8b</load_address>
         <run_address>0xd8b</run_address>
         <size>0x6c</size>
         <input_file_ref idref="fl-cf"/>
      </object_component>
      <object_component id="oc-21d">
         <name>.debug_abbrev</name>
         <load_address>0xdf7</load_address>
         <run_address>0xdf7</run_address>
         <size>0x6c</size>
         <input_file_ref idref="fl-cf"/>
      </object_component>
      <object_component id="oc-238">
         <name>.debug_abbrev</name>
         <load_address>0xe63</load_address>
         <run_address>0xe63</run_address>
         <size>0x8e</size>
         <input_file_ref idref="fl-d0"/>
      </object_component>
      <object_component id="oc-23a">
         <name>.debug_abbrev</name>
         <load_address>0xef1</load_address>
         <run_address>0xef1</run_address>
         <size>0x27</size>
         <input_file_ref idref="fl-d0"/>
      </object_component>
      <object_component id="oc-236">
         <name>.debug_abbrev</name>
         <load_address>0xf18</load_address>
         <run_address>0xf18</run_address>
         <size>0x29</size>
         <input_file_ref idref="fl-d0"/>
      </object_component>
      <object_component id="oc-20e">
         <name>.debug_abbrev</name>
         <load_address>0xf41</load_address>
         <run_address>0xf41</run_address>
         <size>0x8b</size>
         <input_file_ref idref="fl-d0"/>
      </object_component>
      <object_component id="oc-213">
         <name>.debug_abbrev</name>
         <load_address>0xfcc</load_address>
         <run_address>0xfcc</run_address>
         <size>0x6c</size>
         <input_file_ref idref="fl-d0"/>
      </object_component>
      <object_component id="oc-214">
         <name>.debug_abbrev</name>
         <load_address>0x1038</load_address>
         <run_address>0x1038</run_address>
         <size>0x72</size>
         <input_file_ref idref="fl-d1"/>
      </object_component>
      <object_component id="oc-232">
         <name>.debug_abbrev</name>
         <load_address>0x10aa</load_address>
         <run_address>0x10aa</run_address>
         <size>0x27</size>
         <input_file_ref idref="fl-d1"/>
      </object_component>
      <object_component id="oc-234">
         <name>.debug_abbrev</name>
         <load_address>0x10d1</load_address>
         <run_address>0x10d1</run_address>
         <size>0x27</size>
         <input_file_ref idref="fl-d1"/>
      </object_component>
      <object_component id="oc-23c">
         <name>.debug_abbrev</name>
         <load_address>0x10f8</load_address>
         <run_address>0x10f8</run_address>
         <size>0x27</size>
         <input_file_ref idref="fl-d1"/>
      </object_component>
      <object_component id="oc-1db">
         <name>.debug_abbrev</name>
         <load_address>0x111f</load_address>
         <run_address>0x111f</run_address>
         <size>0x6c</size>
         <input_file_ref idref="fl-d1"/>
      </object_component>
      <object_component id="oc-216">
         <name>.debug_abbrev</name>
         <load_address>0x118b</load_address>
         <run_address>0x118b</run_address>
         <size>0x6c</size>
         <input_file_ref idref="fl-d1"/>
      </object_component>
      <object_component id="oc-217">
         <name>.debug_abbrev</name>
         <load_address>0x11f7</load_address>
         <run_address>0x11f7</run_address>
         <size>0x8b</size>
         <input_file_ref idref="fl-d1"/>
      </object_component>
      <object_component id="oc-218">
         <name>.debug_abbrev</name>
         <load_address>0x1282</load_address>
         <run_address>0x1282</run_address>
         <size>0x6c</size>
         <input_file_ref idref="fl-d1"/>
      </object_component>
      <object_component id="oc-1ac">
         <name>.debug_abbrev</name>
         <load_address>0x12ee</load_address>
         <run_address>0x12ee</run_address>
         <size>0x6c</size>
         <input_file_ref idref="fl-d1"/>
      </object_component>
      <object_component id="oc-1aa">
         <name>.debug_abbrev</name>
         <load_address>0x135a</load_address>
         <run_address>0x135a</run_address>
         <size>0x6c</size>
         <input_file_ref idref="fl-d1"/>
      </object_component>
      <object_component id="oc-1af">
         <name>.debug_abbrev</name>
         <load_address>0x13c6</load_address>
         <run_address>0x13c6</run_address>
         <size>0x6e</size>
         <input_file_ref idref="fl-d1"/>
      </object_component>
      <object_component id="oc-21c">
         <name>.debug_abbrev</name>
         <load_address>0x1434</load_address>
         <run_address>0x1434</run_address>
         <size>0x6c</size>
         <input_file_ref idref="fl-d1"/>
      </object_component>
      <object_component id="oc-20a">
         <name>.debug_abbrev</name>
         <load_address>0x14a0</load_address>
         <run_address>0x14a0</run_address>
         <size>0x8b</size>
         <input_file_ref idref="fl-d1"/>
      </object_component>
      <object_component id="oc-1ab">
         <name>.debug_abbrev</name>
         <load_address>0x152b</load_address>
         <run_address>0x152b</run_address>
         <size>0x6c</size>
         <input_file_ref idref="fl-d1"/>
      </object_component>
      <object_component id="oc-19c">
         <name>.debug_abbrev</name>
         <load_address>0x1597</load_address>
         <run_address>0x1597</run_address>
         <size>0x6c</size>
         <input_file_ref idref="fl-d1"/>
      </object_component>
      <object_component id="oc-1ad">
         <name>.debug_abbrev</name>
         <load_address>0x1603</load_address>
         <run_address>0x1603</run_address>
         <size>0x6c</size>
         <input_file_ref idref="fl-d1"/>
      </object_component>
      <object_component id="oc-1ae">
         <name>.debug_abbrev</name>
         <load_address>0x166f</load_address>
         <run_address>0x166f</run_address>
         <size>0x6c</size>
         <input_file_ref idref="fl-d1"/>
      </object_component>
      <object_component id="oc-26d">
         <name>.debug_abbrev</name>
         <load_address>0x16db</load_address>
         <run_address>0x16db</run_address>
         <size>0xf</size>
      </object_component>
      <object_component id="oc-71">
         <name>.debug_str</name>
         <load_address>0x0</load_address>
         <run_address>0x0</run_address>
         <size>0x2af</size>
         <input_file_ref idref="fl-2"/>
      </object_component>
      <object_component id="oc-37">
         <name>.debug_str</name>
         <load_address>0x2af</load_address>
         <run_address>0x2af</run_address>
         <size>0xfe</size>
         <input_file_ref idref="fl-2"/>
      </object_component>
      <object_component id="oc-ae">
         <name>.debug_str</name>
         <load_address>0x3ad</load_address>
         <run_address>0x3ad</run_address>
         <size>0x33e</size>
         <input_file_ref idref="fl-2"/>
      </object_component>
      <object_component id="oc-76">
         <name>.debug_str</name>
         <load_address>0x6eb</load_address>
         <run_address>0x6eb</run_address>
         <size>0x147</size>
         <input_file_ref idref="fl-2"/>
      </object_component>
      <object_component id="oc-15a">
         <name>.debug_str</name>
         <load_address>0x832</load_address>
         <run_address>0x832</run_address>
         <size>0xfe</size>
         <input_file_ref idref="fl-a"/>
      </object_component>
      <object_component id="oc-8a">
         <name>.debug_str</name>
         <load_address>0x930</load_address>
         <run_address>0x930</run_address>
         <size>0x109</size>
         <input_file_ref idref="fl-c2"/>
      </object_component>
      <object_component id="oc-bb">
         <name>.debug_str</name>
         <load_address>0xa39</load_address>
         <run_address>0xa39</run_address>
         <size>0x147</size>
         <input_file_ref idref="fl-c2"/>
      </object_component>
      <object_component id="oc-1f0">
         <name>.debug_str</name>
         <load_address>0xb80</load_address>
         <run_address>0xb80</run_address>
         <size>0xf1</size>
         <input_file_ref idref="fl-c8"/>
      </object_component>
      <object_component id="oc-22a">
         <name>.debug_str</name>
         <load_address>0xc71</load_address>
         <run_address>0xc71</run_address>
         <size>0x15e</size>
         <input_file_ref idref="fl-c8"/>
      </object_component>
      <object_component id="oc-1f5">
         <name>.debug_str</name>
         <load_address>0xdcf</load_address>
         <run_address>0xdcf</run_address>
         <size>0x157</size>
         <input_file_ref idref="fl-c8"/>
      </object_component>
      <object_component id="oc-1fa">
         <name>.debug_str</name>
         <load_address>0xf26</load_address>
         <run_address>0xf26</run_address>
         <size>0x19e</size>
         <input_file_ref idref="fl-c8"/>
      </object_component>
      <object_component id="oc-203">
         <name>.debug_str</name>
         <load_address>0x10c4</load_address>
         <run_address>0x10c4</run_address>
         <size>0xf3</size>
         <input_file_ref idref="fl-ce"/>
      </object_component>
      <object_component id="oc-189">
         <name>.debug_str</name>
         <load_address>0x11b7</load_address>
         <run_address>0x11b7</run_address>
         <size>0x12b</size>
         <input_file_ref idref="fl-ce"/>
      </object_component>
      <object_component id="oc-182">
         <name>.debug_str</name>
         <load_address>0x12e2</load_address>
         <run_address>0x12e2</run_address>
         <size>0x20f</size>
         <input_file_ref idref="fl-ce"/>
      </object_component>
      <object_component id="oc-9c">
         <name>.debug_aranges</name>
         <load_address>0x0</load_address>
         <run_address>0x0</run_address>
         <size>0x20</size>
         <input_file_ref idref="fl-2"/>
      </object_component>
      <object_component id="oc-26">
         <name>.debug_aranges</name>
         <load_address>0x20</load_address>
         <run_address>0x20</run_address>
         <size>0x38</size>
         <input_file_ref idref="fl-3"/>
      </object_component>
      <object_component id="oc-c8">
         <name>.debug_aranges</name>
         <load_address>0x58</load_address>
         <run_address>0x58</run_address>
         <size>0x80</size>
         <input_file_ref idref="fl-a"/>
      </object_component>
      <object_component id="oc-14a">
         <name>.debug_aranges</name>
         <load_address>0xd8</load_address>
         <run_address>0xd8</run_address>
         <size>0x28</size>
         <input_file_ref idref="fl-b"/>
      </object_component>
      <object_component id="oc-c1">
         <name>.debug_aranges</name>
         <load_address>0x100</load_address>
         <run_address>0x100</run_address>
         <size>0x40</size>
         <input_file_ref idref="fl-c"/>
      </object_component>
      <object_component id="oc-45">
         <name>.debug_aranges</name>
         <load_address>0x140</load_address>
         <run_address>0x140</run_address>
         <size>0x20</size>
         <input_file_ref idref="fl-c2"/>
      </object_component>
      <object_component id="oc-57">
         <name>.debug_aranges</name>
         <load_address>0x160</load_address>
         <run_address>0x160</run_address>
         <size>0x20</size>
         <input_file_ref idref="fl-c5"/>
      </object_component>
      <object_component id="oc-e2">
         <name>.debug_aranges</name>
         <load_address>0x180</load_address>
         <run_address>0x180</run_address>
         <size>0x20</size>
         <input_file_ref idref="fl-c8"/>
      </object_component>
      <object_component id="oc-95">
         <name>.debug_aranges</name>
         <load_address>0x1a0</load_address>
         <run_address>0x1a0</run_address>
         <size>0x20</size>
         <input_file_ref idref="fl-c9"/>
      </object_component>
      <object_component id="oc-d4">
         <name>.debug_aranges</name>
         <load_address>0x1c0</load_address>
         <run_address>0x1c0</run_address>
         <size>0x20</size>
         <input_file_ref idref="fl-cb"/>
      </object_component>
      <object_component id="oc-11b">
         <name>.debug_aranges</name>
         <load_address>0x1e0</load_address>
         <run_address>0x1e0</run_address>
         <size>0x20</size>
         <input_file_ref idref="fl-ce"/>
      </object_component>
      <object_component id="oc-115">
         <name>.debug_aranges</name>
         <load_address>0x200</load_address>
         <run_address>0x200</run_address>
         <size>0x20</size>
         <input_file_ref idref="fl-ce"/>
      </object_component>
      <object_component id="oc-1cb">
         <name>.debug_aranges</name>
         <load_address>0x220</load_address>
         <run_address>0x220</run_address>
         <size>0x20</size>
[...]
         <run_address>0x0</run_address>
         <size>0x4a0</size>
         <contents>
            <object_component_ref idref="oc-9c"/>
            <object_component_ref idref="oc-26"/>
            <object_component_ref idref="oc-c8"/>
            <object_component_ref idref="oc-14a"/>
            <object_component_ref idref="oc-c1"/>
            <object_component_ref idref="oc-45"/>
            <object_component_ref idref="oc-57"/>
            <object_component_ref idref="oc-e2"/>
            <object_component_ref idref="oc-95"/>
            <object_component_ref idref="oc-d4"/>
            <object_component_ref idref="oc-11b"/>
            <object_component_ref idref="oc-115"/>
            <object_component_ref idref="oc-1cb"/>
            <object_component_ref idref="oc-1d1"/>
            <object_component_ref idref="oc-1c5"/>
            <object_component_ref idref="oc-1d7"/>
            <object_component_ref idref="oc-1bf"/>
            <object_component_ref idref="oc-193"/>
            <object_component_ref idref="oc-197"/>
            <object_component_ref idref="oc-151"/>
            <object_component_ref idref="oc-1a0"/>
            <object_component_ref idref="oc-1a6"/>
            <object_component_ref idref="oc-1b2"/>
            <object_component_ref idref="oc-132"/>
            <object_component_ref idref="oc-126"/>
            <object_component_ref idref="oc-144"/>
            <object_component_ref idref="oc-1b8"/>
            <object_component_ref idref="oc-18c"/>
            <object_component_ref idref="oc-12c"/>
            <object_component_ref idref="oc-120"/>
            <object_component_ref idref="oc-138"/>
            <object_component_ref idref="oc-13e"/>
         </contents>
      </logical_group>
      <logical_group id="lg-25b" display="never" color="cyan">
         <name>.debug_pubnames</name>
         <load_address>0x0</load_address>
         <run_address>0x0</run_address>
         <size>0x7bc</size>
         <contents>
            <object_component_ref idref="oc-9b"/>
            <object_component_ref idref="oc-11"/>
            <object_component_ref idref="oc-27"/>
            <object_component_ref idref="oc-c9"/>
            <object_component_ref idref="oc-14e"/>
            <object_component_ref idref="oc-cf"/>
            <object_component_ref idref="oc-c5"/>
            <object_component_ref idref="oc-48"/>
            <object_component_ref idref="oc-23"/>
            <object_component_ref idref="oc-5b"/>
            <object_component_ref idref="oc-e1"/>
            <object_component_ref idref="oc-97"/>
            <object_component_ref idref="oc-d6"/>
            <object_component_ref idref="oc-11c"/>
            <object_component_ref idref="oc-116"/>
            <object_component_ref idref="oc-1cc"/>
            <object_component_ref idref="oc-1d2"/>
            <object_component_ref idref="oc-1c6"/>
            <object_component_ref idref="oc-1d8"/>
            <object_component_ref idref="oc-1c0"/>
            <object_component_ref idref="oc-212"/>
            <object_component_ref idref="oc-20d"/>
            <object_component_ref idref="oc-192"/>
            <object_component_ref idref="oc-19a"/>
            <object_component_ref idref="oc-206"/>
            <object_component_ref idref="oc-209"/>
            <object_component_ref idref="oc-21b"/>
            <object_component_ref idref="oc-152"/>
            <object_component_ref idref="oc-1a1"/>
            <object_component_ref idref="oc-1a7"/>
            <object_component_ref idref="oc-1b3"/>
            <object_component_ref idref="oc-133"/>
            <object_component_ref idref="oc-127"/>
            <object_component_ref idref="oc-145"/>
            <object_component_ref idref="oc-1b9"/>
            <object_component_ref idref="oc-18d"/>
            <object_component_ref idref="oc-12d"/>
            <object_component_ref idref="oc-121"/>
            <object_component_ref idref="oc-139"/>
            <object_component_ref idref="oc-13f"/>
         </contents>
      </logical_group>
      <logical_group id="lg-25d" display="never" color="cyan">
         <name>.debug_pubtypes</name>
         <load_address>0x0</load_address>
         <run_address>0x0</run_address>
         <size>0xc47</size>
         <contents>
            <object_component_ref idref="oc-6e"/>
            <object_component_ref idref="oc-34"/>
            <object_component_ref idref="oc-ab"/>
            <object_component_ref idref="oc-73"/>
            <object_component_ref idref="oc-157"/>
            <object_component_ref idref="oc-87"/>
            <object_component_ref idref="oc-b8"/>
            <object_component_ref idref="oc-1ed"/>
            <object_component_ref idref="oc-227"/>
            <object_component_ref idref="oc-1f2"/>
            <object_component_ref idref="oc-1f7"/>
            <object_component_ref idref="oc-200"/>
            <object_component_ref idref="oc-186"/>
            <object_component_ref idref="oc-17f"/>
         </contents>
      </logical_group>
      <load_segment id="lg-26f" display="no" color="cyan">
         <name>SEGMENT_0</name>
         <load_address>0x0</load_address>
         <run_address>0x0</run_address>
         <size>0xfec</size>
         <flags>0x5</flags>
         <contents>
            <logical_group_ref idref="lg-3"/>
            <logical_group_ref idref="lg-4"/>
            <logical_group_ref idref="lg-5"/>
            <logical_group_ref idref="lg-6"/>
         </contents>
      </load_segment>
      <load_segment id="lg-270" display="no" color="cyan">
         <name>SEGMENT_1</name>
         <run_address>0x20000000</run_address>
         <size>0x470</size>
         <flags>0x6</flags>
         <contents>
            <logical_group_ref idref="lg-9"/>
            <logical_group_ref idref="lg-b"/>
            <logical_group_ref idref="lg-d"/>
         </contents>
      </load_segment>
   </logical_group_list>
   <placement_map>
      <memory_area display="yes" color="green">
         <name>FLASH</name>
         <page_id>0x0</page_id>
         <origin>0x0</origin>
         <length>0x40000</length>
         <used_space>0xfe6</used_space>
         <unused_space>0x3f01a</unused_space>
         <attributes>RX</attributes>
         <usage_details>
            <allocated_space>
               <start_address>0x0</start_address>
               <size>0x26c</size>
               <logical_group_ref idref="lg-3"/>
            </allocated_space>
            <allocated_space>
               <start_address>0x26c</start_address>
               <size>0xad6</size>
               <logical_group_ref idref="lg-4"/>
            </allocated_space>
            <available_space>
               <start_address>0xd42</start_address>
               <size>0x2</size>
            </available_space>
            <allocated_space>
               <start_address>0xd44</start_address>
               <size>0x280</size>
               <logical_group_ref idref="lg-5"/>
            </allocated_space>
            <available_space>
               <start_address>0xfc4</start_address>
               <size>0x4</size>
            </available_space>
            <allocated_space>
               <start_address>0xfc8</start_address>
               <size>0x24</size>
               <logical_group_ref idref="lg-6"/>
            </allocated_space>
            <available_space>
               <start_address>0xfec</start_address>
               <size>0x3f014</size>
            </available_space>
         </usage_details>
      </memory_area>
      <memory_area display="yes" color="green">
         <name>SRAM</name>
         <page_id>0x0</page_id>
         <origin>0x20000000</origin>
         <length>0x8000</length>
         <used_space>0x470</used_space>
         <unused_space>0x7b90</unused_space>
         <attributes>RWX</attributes>
         <usage_details>
            <allocated_space>
               <start_address>0x20000000</start_address>
               <size>0x26c</size>
               <logical_group_ref idref="lg-9"/>
            </allocated_space>
            <allocated_space>
               <start_address>0x2000026c</start_address>
               <size>0x4</size>
               <logical_group_ref idref="lg-b"/>
            </allocated_space>
            <allocated_space>
               <start_address>0x20000270</start_address>
               <size>0x200</size>
               <logical_group_ref idref="lg-d"/>
            </allocated_space>
            <available_space>
               <start_address>0x20000470</start_address>
               <size>0x7b90</size>
            </available_space>
         </usage_details>
      </memory_area>
   </placement_map>
   <cptbl_list>
      <cptbl>
         <name>__TI_cinit_table</name>
         <cprec>
            <name>.bss</name>
            <load_address>0xfc8</load_address>
            <load_size>0x8</load_size>
            <run_address>0x2000026c</run_address>
            <run_size>0x4</run_size>
            <compression>zero_init</compression>
         </cprec>
         <cprec>
            <name>.vtable</name>
            <load_address>0xfd0</load_address>
            <load_size>0x8</load_size>
            <run_address>0x20000000</run_address>
            <run_size>0x26c</run_size>
            <compression>zero_init</compression>
         </cprec>
      </cptbl>
   </cptbl_list>
   <handler_table>
      <handler_table_name>__TI_handler_table</handler_table_name>
      <handler>
         <index>0x0</index>
         <name>__TI_zero_init</name>
      </handler>
   </handler_table>
   <symbol_table>
      <symbol id="sm-1">
         <name>__STACK_TOP</name>
         <value>0x20000470</value>
      </symbol>
      <symbol id="sm-2">
         <name>__TI_CINIT_Base</name>
         <value>0xfdc</value>
      </symbol>
      <symbol id="sm-3">
         <name>__TI_CINIT_Limit</name>
         <value>0xfec</value>
      </symbol>
      <symbol id="sm-4">
         <name>__TI_Handler_Table_Base</name>
         <value>0xfd8</value>
      </symbol>
      <symbol id="sm-5">
         <name>__TI_Handler_Table_Limit</name>
         <value>0xfdc</value>
      </symbol>
      <symbol id="sm-6">
         <name>binit</name>
         <value>0xffffffff</value>
      </symbol>
      <symbol id="sm-7">
         <name>__binit__</name>
         <value>0xffffffff</value>
      </symbol>
      <symbol id="sm-8">
         <name>__STACK_SIZE</name>
         <value>0x200</value>
      </symbol>
      <symbol id="sm-9">
         <name>__STACK_END</name>
         <value>0x20000470</value>
      </symbol>
      <symbol id="sm-a">
         <name>__c_args__</name>
         <value>0xffffffff</value>
      </symbol>
      <symbol id="sm-b">
         <name>__TI_pprof_out_hndl</name>
         <value>0xffffffff</value>
      </symbol>
      <symbol id="sm-c">
         <name>__TI_prof_data_start</name>
         <value>0xffffffff</value>
      </symbol>
      <symbol id="sm-d">
         <name>__TI_prof_data_size</name>
         <value>0xffffffff</value>
      </symbol>
      <symbol id="sm-48">
         <name>main</name>
         <value>0xa25</value>
         <object_component_ref idref="oc-98"/>
      </symbol>
      <symbol id="sm-64">
         <name>ResetISR</name>
         <value>0xd17</value>
         <object_component_ref idref="oc-24"/>
      </symbol>
      <symbol id="sm-65">
         <name>g_pfnVectors</name>
         <value>0x0</value>
         <object_component_ref idref="oc-f"/>
      </symbol>
      <symbol id="sm-a3">
         <name>motorLeftTurn45</name>
         <value>0x53d</value>
         <object_component_ref idref="oc-c6"/>
      </symbol>
      <symbol id="sm-a4">
         <name>motorCorrection</name>
         <value>0x3cf</value>
         <object_component_ref idref="oc-c6"/>
      </symbol>
      <symbol id="sm-a5">
         <name>motorRect</name>
         <value>0x41f</value>
         <object_component_ref idref="oc-c6"/>
      </symbol>
      <symbol id="sm-a6">
         <name>motorLeftTurn90</name>
         <value>0x37b</value>
         <object_component_ref idref="oc-c6"/>
      </symbol>
      <symbol id="sm-a7">
         <name>initMotor</name>
         <value>0x26d</value>
         <object_component_ref idref="oc-c6"/>
      </symbol>
      <symbol id="sm-a8">
         <name>motorAvoidLeftBump</name>
         <value>0x5f3</value>
         <object_component_ref idref="oc-c6"/>
      </symbol>
      <symbol id="sm-a9">
         <name>motorRightTurn45</name>
         <value>0x59d</value>
         <object_component_ref idref="oc-c6"/>
      </symbol>
      <symbol id="sm-aa">
         <name>motorAvoidRightBump</name>
         <value>0x61f</value>
         <object_component_ref idref="oc-c6"/>
      </symbol>
      <symbol id="sm-ab">
         <name>motorBackward</name>
         <value>0x2f1</value>
         <object_component_ref idref="oc-c6"/>
      </symbol>
      <symbol id="sm-ac">
         <name>motorBackAvoid</name>
         <value>0x4f5</value>
         <object_component_ref idref="oc-c6"/>
      </symbol>
      <symbol id="sm-ad">
         <name>motorRightTurn90</name>
         <value>0x327</value>
         <object_component_ref idref="oc-c6"/>
      </symbol>
      <symbol id="sm-ae">
         <name>motorForward</name>
         <value>0x2bb</value>
         <object_component_ref idref="oc-c6"/>
      </symbol>
      <symbol id="sm-af">
         <name>motorStop</name>
         <value>0x4e7</value>
         <object_component_ref idref="oc-c6"/>
      </symbol>
      <symbol id="sm-c3">
         <name>initPWM</name>
         <value>0x885</value>
         <object_component_ref idref="oc-149"/>
      </symbol>
      <symbol id="sm-c4">
         <name>setPW</name>
         <value>0x931</value>
         <object_component_ref idref="oc-149"/>
      </symbol>
      <symbol id="sm-e2">
         <name>revCountLeft</name>
         <value>0x2000026c</value>
      </symbol>
      <symbol id="sm-e3">
         <name>revCountRight</name>
         <value>0x2000026e</value>
      </symbol>
      <symbol id="sm-e4">
         <name>getRevCountLeft</name>
         <value>0x851</value>
         <object_component_ref idref="oc-c0"/>
      </symbol>
      <symbol id="sm-e5">
         <name>getRevCountRight</name>
         <value>0x857</value>
         <object_component_ref idref="oc-c0"/>
      </symbol>
      <symbol id="sm-e6">
         <name>clearCount</name>
         <value>0x85d</value>
         <object_component_ref idref="oc-c0"/>
      </symbol>
      <symbol id="sm-e7">
         <name>initQEInterrupt</name>
         <value>0x795</value>
         <object_component_ref idref="oc-c0"/>
      </symbol>
      <symbol id="sm-e8">
         <name>QEInterruptHandler</name>
         <value>0x7f7</value>
         <object_component_ref idref="oc-c0"/>
      </symbol>
      <symbol id="sm-101">
         <name>__TI_zero_init_nomemset</name>
         <value>0xcdd</value>
         <object_component_ref idref="oc-44"/>
      </symbol>
      <symbol id="sm-116">
         <name>__stack</name>
         <value>0x20000270</value>
         <object_component_ref idref="oc-21"/>
      </symbol>
      <symbol id="sm-117">
         <name>_c_int00_noargs</name>
         <value>0xbd9</value>
         <object_component_ref idref="oc-56"/>
      </symbol>
      <symbol id="sm-141">
         <name>__TI_auto_init_nobinit_nopinit</name>
         <value>0xab9</value>
         <object_component_ref idref="oc-de"/>
      </symbol>
      <symbol id="sm-14b">
         <name>_system_pre_init</name>
         <value>0xd3b</value>
         <object_component_ref idref="oc-92"/>
      </symbol>
      <symbol id="sm-157">
         <name>C$$EXIT</name>
         <value>0xd3f</value>
         <object_component_ref idref="oc-d2"/>
      </symbol>
      <symbol id="sm-158">
         <name>abort</name>
         <value>0xd3f</value>
         <object_component_ref idref="oc-d2"/>
      </symbol>
      <symbol id="sm-184">
         <name>SysCtlDelay</name>
         <value>0xd35</value>
         <object_component_ref idref="oc-cc"/>
      </symbol>
      <symbol id="sm-185">
         <name>SysCtlPeripheralEnable</name>
         <value>0xb71</value>
         <object_component_ref idref="oc-112"/>
      </symbol>
      <symbol id="sm-186">
         <name>SysCtlPeripheralReady</name>
         <value>0xba5</value>
         <object_component_ref idref="oc-118"/>
      </symbol>
      <symbol id="sm-1b3">
         <name>PWMGenPeriodSet</name>
         <value>0xcef</value>
         <object_component_ref idref="oc-1c2"/>
      </symbol>
      <symbol id="sm-1b4">
         <name>PWMPulseWidthSet</name>
         <value>0xc59</value>
         <object_component_ref idref="oc-1c8"/>
      </symbol>
      <symbol id="sm-1b5">
         <name>PWMOutputState</name>
         <value>0xccb</value>
         <object_component_ref idref="oc-1ce"/>
      </symbol>
      <symbol id="sm-1b6">
         <name>PWMGenEnable</name>
         <value>0xd0b</value>
         <object_component_ref idref="oc-1d4"/>
      </symbol>
      <symbol id="sm-1b7">
         <name>PWMGenConfigure</name>
         <value>0xc37</value>
         <object_component_ref idref="oc-1bc"/>
      </symbol>
      <symbol id="sm-1f1">
         <name>IntEnable</name>
         <value>0x96d</value>
         <object_component_ref idref="oc-196"/>
      </symbol>
      <symbol id="sm-1f2">
         <name>IntRegister</name>
         <value>0xb3d</value>
         <object_component_ref idref="oc-190"/>
      </symbol>
      <symbol id="sm-1f3">
         <name>g_pfnRAMVectors</name>
         <value>0x20000000</value>
         <object_component_ref idref="oc-20b"/>
      </symbol>
      <symbol id="sm-28e">
         <name>GPIOPinTypePWM</name>
         <value>0xcb9</value>
         <object_component_ref idref="oc-1b0"/>
      </symbol>
      <symbol id="sm-28f">
         <name>GPIOIntRegister</name>
         <value>0xc77</value>
         <object_component_ref idref="oc-11e"/>
      </symbol>
      <symbol id="sm-290">
         <name>GPIOPinConfigure</name>
         <value>0xa71</value>
         <object_component_ref idref="oc-1b6"/>
      </symbol>
      <symbol id="sm-291">
         <name>GPIOIntEnable</name>
         <value>0xcff</value>
         <object_component_ref idref="oc-136"/>
      </symbol>
      <symbol id="sm-292">
         <name>GPIOIntTypeSet</name>
         <value>0x9cd</value>
         <object_component_ref idref="oc-12a"/>
      </symbol>
      <symbol id="sm-293">
         <name>GPIOPinTypeGPIOInput</name>
         <value>0xca7</value>
         <object_component_ref idref="oc-124"/>
      </symbol>
      <symbol id="sm-294">
         <name>GPIOIntClear</name>
         <value>0xd23</value>
         <object_component_ref idref="oc-13c"/>
      </symbol>
      <symbol id="sm-295">
         <name>GPIOPinTypeGPIOOutput</name>
         <value>0xc8f</value>
         <object_component_ref idref="oc-130"/>
      </symbol>
      <symbol id="sm-296">
         <name>GPIOPinRead</name>
         <value>0xd29</value>
         <object_component_ref idref="oc-142"/>
      </symbol>
      <symbol id="sm-297">
         <name>GPIODirModeSet</name>
         <value>0xc0d</value>
         <object_component_ref idref="oc-19e"/>
      </symbol>
      <symbol id="sm-298">
         <name>GPIOPinWrite</name>
         <value>0xd2f</value>
         <object_component_ref idref="oc-14f"/>
      </symbol>
      <symbol id="sm-299">
         <name>GPIOPadConfigSet</name>
         <value>0x665</value>
         <object_component_ref idref="oc-1a4"/>
      </symbol>
      <symbol id="sm-29b">
         <name>__TI_static_base__</name>
         <value>0x0</value>
      </symbol>
      <symbol id="sm-29d">
         <name>__mpu_init</name>
         <value>0x0</value>
      </symbol>
      <symbol id="sm-29e">
         <name>_system_post_cinit</name>
         <value>0x0</value>
      </symbol>
   </symbol_table>
   <title>Link successful</title>
</link_info>
