******************************************************************************
                  TI ARM Linker PC v18.12.1                    
******************************************************************************
>> Linked Fri Feb 18 19:47:08 2022

OUTPUT FILE NAME:   <emily_lab1.out>
ENTRY POINT SYMBOL: "_c_int00_noinit_noargs"  address: 0000042d


MEMORY CONFIGURATION

         name            origin    length      used     unused   attr    fill
----------------------  --------  ---------  --------  --------  ----  --------
  FLASH                 00000000   00040000  000004b4  0003fb4c  R  X
  SRAM                  20000000   00008000  00000200  00007e00  RW X


SEGMENT ALLOCATION MAP

run origin  load origin   length   init length attrs members
----------  ----------- ---------- ----------- ----- -------
00000000    00000000    000004b4   000004b4    r-x
  00000000    00000000    0000026c   0000026c    r-- .intvecs
  0000026c    0000026c    00000248   00000248    r-x .text
20000000    20000000    00000200   00000000    rw-
  20000000    20000000    00000200   00000000    rw- .stack


SECTION ALLOCATION MAP

 output                                  attributes/
section   page    origin      length       input sections
--------  ----  ----------  ----------   ----------------
.intvecs   0    00000000    0000026c     
                  00000000    0000026c     tm4c123gh6pm_startup_ccs.obj (.intvecs)

.text      0    0000026c    00000248     
                  0000026c    00000130     driverlib.lib : gpio.obj (.text:GPIOPadConfigSet)
                  0000039c    0000005c     periphMain.obj (.text)
                  000003f8    00000034     driverlib.lib : sysctl.obj (.text:SysCtlPeripheralEnable)
                  0000042c    0000002c     rtsv7M4_T_le_v4SPD16_eabi.lib : boot_cortex_m.c.obj (.text:_c_int00_noinit_noargs:_c_int00_noinit_noargs)
                  00000458    0000002a     driverlib.lib : gpio.obj (.text:GPIODirModeSet)
                  00000482    00000018                   : gpio.obj (.text:GPIOPinTypeGPIOOutput)
                  0000049a    0000000c     tm4c123gh6pm_startup_ccs.obj (.text)
                  000004a6    00000006     driverlib.lib : gpio.obj (.text:GPIOPinWrite)
                  000004ac    00000004     rtsv7M4_T_le_v4SPD16_eabi.lib : pre_init.c.obj (.text:_system_pre_init)
                  000004b0    00000004                                   : exit.c.obj (.text:abort:abort)

.cinit     0    00000000    00000000     UNINITIALIZED

.init_array 
*          0    00000000    00000000     UNINITIALIZED

.stack     0    20000000    00000200     UNINITIALIZED
                  20000000    00000004     rtsv7M4_T_le_v4SPD16_eabi.lib : boot_cortex_m.c.obj (.stack)
                  20000004    000001fc     --HOLE--

MODULE SUMMARY

       Module                         code   ro data   rw data
       ------                         ----   -------   -------
    .\
       tm4c123gh6pm_startup_ccs.obj   12     620       0      
       periphMain.obj                 92     0         0      
    +--+------------------------------+------+---------+---------+
       Total:                         104    620       0      
                                                              
    C:/Users/emily/bishop_ecpe155_2022/TivaWare/driverlib/ccs/Debug/driverlib.lib
       gpio.obj                       376    0         0      
       sysctl.obj                     52     0         0      
    +--+------------------------------+------+---------+---------+
       Total:                         428    0         0      
                                                              
    C:\ti\ccs901\ccs\tools\compiler\ti-cgt-arm_18.12.1.LTS\lib\rtsv7M4_T_le_v4SPD16_eabi.lib
       boot_cortex_m.c.obj            44     0         0      
       exit.c.obj                     4      0         0      
       pre_init.c.obj                 4      0         0      
    +--+------------------------------+------+---------+---------+
       Total:                         52     0         0      
                                                              
       Stack:                         0      0         512    
    +--+------------------------------+------+---------+---------+
       Grand Total:                   584    620       512    


GLOBAL SYMBOLS: SORTED ALPHABETICALLY BY Name 

address   name                  
-------   ----                  
000004b1  C$$EXIT               
00000459  GPIODirModeSet        
0000026d  GPIOPadConfigSet      
00000483  GPIOPinTypeGPIOOutput 
000004a7  GPIOPinWrite          
0000049b  ResetISR              
000003f9  SysCtlPeripheralEnable
20000200  __STACK_END           
00000200  __STACK_SIZE          
20000200  __STACK_TOP           
ffffffff  __TI_pprof_out_hndl   
ffffffff  __TI_prof_data_size   
ffffffff  __TI_prof_data_start  
00000000  __TI_static_base__    
ffffffff  __binit__             
ffffffff  __c_args__            
UNDEFED   __mpu_init            
20000000  __stack               
0000042d  _c_int00_noinit_noargs
000004ad  _system_pre_init      
000004b1  abort                 
ffffffff  binit                 
00000000  g_pfnVectors          
000003bf  main                  


GLOBAL SYMBOLS: SORTED BY Symbol Address 

address   name                  
-------   ----                  
00000000  __TI_static_base__    
00000000  g_pfnVectors          
00000200  __STACK_SIZE          
0000026d  GPIOPadConfigSet      
000003bf  main                  
000003f9  SysCtlPeripheralEnable
0000042d  _c_int00_noinit_noargs
00000459  GPIODirModeSet        
00000483  GPIOPinTypeGPIOOutput 
0000049b  ResetISR              
000004a7  GPIOPinWrite          
000004ad  _system_pre_init      
000004b1  C$$EXIT               
000004b1  abort                 
20000000  __stack               
20000200  __STACK_END           
20000200  __STACK_TOP           
ffffffff  __TI_pprof_out_hndl   
ffffffff  __TI_prof_data_size   
ffffffff  __TI_prof_data_start  
ffffffff  __binit__             
ffffffff  __c_args__            
ffffffff  binit                 
UNDEFED   __mpu_init            

[24 symbols]
